ARM Linker, 5.03 [Build 76] [MDK-ARM Standard]

==============================================================================

Section Cross References

    startup_stm32f10x_hd.o(STACK) refers (Special) to heapauxi.o(.text) for __use_two_region_memory
    startup_stm32f10x_hd.o(HEAP) refers (Special) to heapauxi.o(.text) for __use_two_region_memory
    startup_stm32f10x_hd.o(RESET) refers (Special) to heapauxi.o(.text) for __use_two_region_memory
    startup_stm32f10x_hd.o(RESET) refers to startup_stm32f10x_hd.o(STACK) for __initial_sp
    startup_stm32f10x_hd.o(RESET) refers to startup_stm32f10x_hd.o(.text) for Reset_Handler
    startup_stm32f10x_hd.o(RESET) refers to stm32f10x_it.o(.text) for NMI_Handler
    startup_stm32f10x_hd.o(RESET) refers to rtc_device_api.o(.text) for RTC_IRQHandler
    startup_stm32f10x_hd.o(RESET) refers to uart_api.o(.text) for USART1_IRQHandler
    startup_stm32f10x_hd.o(RESET) refers to sdio_sdcard.o(.text) for SDIO_IRQHandler
    startup_stm32f10x_hd.o(.text) refers (Special) to heapauxi.o(.text) for __use_two_region_memory
    startup_stm32f10x_hd.o(.text) refers to system_stm32f10x.o(.text) for SystemInit
    startup_stm32f10x_hd.o(.text) refers to __main.o(!!!main) for __main
    startup_stm32f10x_hd.o(.text) refers to startup_stm32f10x_hd.o(HEAP) for Heap_Mem
    startup_stm32f10x_hd.o(.text) refers to startup_stm32f10x_hd.o(STACK) for Stack_Mem
    stm32f10x_gpio.o(.text) refers to stm32f10x_rcc.o(.text) for RCC_APB2PeriphResetCmd
    stm32f10x_rcc.o(.text) refers to stm32f10x_rcc.o(.data) for APBAHBPrescTable
    stm32f10x_spi.o(.text) refers to stm32f10x_rcc.o(.text) for RCC_APB2PeriphResetCmd
    stm32f10x_usart.o(.text) refers to stm32f10x_rcc.o(.text) for RCC_APB2PeriphResetCmd
    stm32f10x_bkp.o(.text) refers to stm32f10x_rcc.o(.text) for RCC_BackupResetCmd
    stm32f10x_pwr.o(.text) refers to stm32f10x_rcc.o(.text) for RCC_APB1PeriphResetCmd
    stm32f10x_it.o(.text) refers to kernel_ui_api.o(.text) for kernel_err_report
    stm32f10x_it.o(.text) refers to time_api.o(.text) for time_exit
    stm32f10x_it.o(.text) refers to stm32f10x_it.o(.constdata) for .constdata
    system_stm32f10x.o(.text) refers to system_stm32f10x.o(.data) for SystemCoreClock
    system_main.o(.text) refers to delay.o(.text) for delay_init
    system_main.o(.text) refers to led_api.o(.text) for led_init
    system_main.o(.text) refers to beep_api.o(.text) for beep_init
    system_main.o(.text) refers to key_api.o(.text) for key_init
    system_main.o(.text) refers to uart_api.o(.text) for uart_init
    system_main.o(.text) refers to lcd_api.o(.text) for lcd_init
    system_main.o(.text) refers to sram_api.o(.text) for sram_init
    system_main.o(.text) refers to time_api.o(.text) for time_init
    system_main.o(.text) refers to flash_inside_api.o(.text) for flash_inside_init
    system_main.o(.text) refers to flash_outside_api.o(.text) for flash_outside_init
    system_main.o(.text) refers to kernel_main.o(.text) for kernel_main
    system_interrupt.o(.text) refers to led_api.o(.text) for led_work_on
    system_interrupt.o(.text) refers to kernel_notice.o(.text) for hardware_notice
    power_api.o(.text) refers to power_api.o(.data) for power_stat
    led_api.o(.text) refers to stm32f10x_gpio.o(.text) for GPIO_ResetBits
    led_api.o(.text) refers to stm32f10x_rcc.o(.text) for RCC_APB2PeriphClockCmd
    beep_api.o(.text) refers to stm32f10x_gpio.o(.text) for GPIO_SetBits
    beep_api.o(.text) refers to stm32f10x_rcc.o(.text) for RCC_APB2PeriphClockCmd
    key_api.o(.text) refers to stm32f10x_gpio.o(.text) for GPIO_ReadInputDataBit
    key_api.o(.text) refers to stm32f10x_rcc.o(.text) for RCC_APB2PeriphClockCmd
    sram_api.o(.text) refers to stm32f10x_rcc.o(.text) for RCC_APB2PeriphClockCmd
    sram_api.o(.text) refers to stm32f10x_gpio.o(.text) for GPIO_Init
    sram_api.o(.text) refers to stm32f10x_fsmc.o(.text) for FSMC_NORSRAMInit
    sram_api.o(.text) refers to sram_api.o(.bss) for sram_hardware_information
    flash_inside_api.o(.text) refers to stm32f10x_flash.o(.text) for FLASH_Unlock
    flash_outside_api.o(.text) refers to flash_device_api.o(.text) for SPI_Flash_Init
    flash_device_api.o(.text) refers to flash_device_api.o(.data) for SPI_FLASH_TYPE
    flash_device_api.o(.text) refers to flash_device_api.o(.bss) for SPI_FLASH_BUFFER
    flash_device_api.o(.text) refers to delay.o(.text) for delay_us
    sdio_sdcard.o(.text) refers to sdio_sdcard.o(.data) for DeviceMode
    sdio_sdcard.o(.text) refers to sdio_sdcard.o(.bss) for CSD_Tab
    sdio_sdcard.o(.text) refers to sys.o(.text) for NVIC_Init_
    sdio_sdcard.o(.text) refers to rt_memcpy_v6.o(.text) for __aeabi_memcpy
    sdio_sdcard.o(.text) refers to llsdiv.o(.text) for __aeabi_ldivmod
    uart_api.o(.text) refers to _printf_percent.o(.ARM.Collect$$_printf_percent$$00000000) for _printf_percent
    uart_api.o(.text) refers to _printf_s.o(.ARM.Collect$$_printf_percent$$00000014) for _printf_s
[...]
    beep_init                                0x0800207d   Thumb Code    44  beep_api.o(.text)
    key_stat                                 0x080020ad   Thumb Code    98  key_api.o(.text)
    key_init                                 0x0800210f   Thumb Code    60  key_api.o(.text)
    sram_init                                0x0800220f   Thumb Code    50  sram_api.o(.text)
    sram_write                               0x08002255   Thumb Code    44  sram_api.o(.text)
    sram_read                                0x08002281   Thumb Code    44  sram_api.o(.text)
    sram_get_size                            0x080022ad   Thumb Code     6  sram_api.o(.text)
    flash_inside_init                        0x080022df   Thumb Code     2  flash_inside_api.o(.text)
    flash_inside_get_size                    0x080022e1   Thumb Code     6  flash_inside_api.o(.text)
    flash_inside_erase_all                   0x080022e7   Thumb Code    24  flash_inside_api.o(.text)
    flash_inside_read                        0x080022ff   Thumb Code    40  flash_inside_api.o(.text)
    flash_inside_write                       0x08002327   Thumb Code   160  flash_inside_api.o(.text)
    flash_outside_init                       0x080023cd   Thumb Code     8  flash_outside_api.o(.text)
    flash_write                              0x080023d5   Thumb Code    20  flash_outside_api.o(.text)
    flash_read                               0x080023e9   Thumb Code    20  flash_outside_api.o(.text)
    flash_get_id                             0x080023fd   Thumb Code     8  flash_outside_api.o(.text)
    flash_get_size                           0x08002405   Thumb Code     6  flash_outside_api.o(.text)
    flash_erase_all                          0x0800240b   Thumb Code     8  flash_outside_api.o(.text)
    flash_erase_page                         0x08002413   Thumb Code    12  flash_outside_api.o(.text)
    SPI2_SetSpeed                            0x08002421   Thumb Code    40  flash_device_api.o(.text)
    SPI2_ReadWriteByte                       0x08002449   Thumb Code    82  flash_device_api.o(.text)
    SPI_Flash_ReadID                         0x0800249b   Thumb Code    66  flash_device_api.o(.text)
    SPI_Flash_Init                           0x080024dd   Thumb Code   226  flash_device_api.o(.text)
    SPI_Flash_ReadSR                         0x080025bf   Thumb Code    38  flash_device_api.o(.text)
    SPI_FLASH_Write_SR                       0x080025e5   Thumb Code    34  flash_device_api.o(.text)
    SPI_FLASH_Write_Enable                   0x08002607   Thumb Code    26  flash_device_api.o(.text)
    SPI_FLASH_Write_Disable                  0x08002621   Thumb Code    26  flash_device_api.o(.text)
    SPI_Flash_Read                           0x0800263b   Thumb Code    72  flash_device_api.o(.text)
    SPI_Flash_Wait_Busy                      0x08002683   Thumb Code    16  flash_device_api.o(.text)
    SPI_Flash_Write_Page                     0x08002693   Thumb Code    78  flash_device_api.o(.text)
    SPI_Flash_Write_NoCheck                  0x080026e1   Thumb Code    66  flash_device_api.o(.text)
    SPI_Flash_Erase_Sector                   0x08002723   Thumb Code    64  flash_device_api.o(.text)
    SPI_Flash_Write                          0x08002763   Thumb Code   212  flash_device_api.o(.text)
    SPI_Flash_Erase_Chip                     0x08002837   Thumb Code    38  flash_device_api.o(.text)
    SPI_Flash_PowerDown                      0x0800285d   Thumb Code    32  flash_device_api.o(.text)
    SPI_Flash_WAKEUP                         0x0800287d   Thumb Code    32  flash_device_api.o(.text)
    SD_SetDeviceMode                         0x080028a5   Thumb Code    20  sdio_sdcard.o(.text)
    SDIO_Clock_Set                           0x080028b9   Thumb Code    22  sdio_sdcard.o(.text)
    CmdResp1Error                            0x080028cf   Thumb Code    82  sdio_sdcard.o(.text)
    SDIO_Send_Cmd                            0x08002921   Thumb Code    58  sdio_sdcard.o(.text)
    SDIO_Send_Data_Cfg                       0x0800295b   Thumb Code    68  sdio_sdcard.o(.text)
    FindSCR                                  0x0800299f   Thumb Code   324  sdio_sdcard.o(.text)
    SDEnWideBus                              0x08002ae3   Thumb Code   118  sdio_sdcard.o(.text)
    SD_EnableWideBusOperation                0x08002b59   Thumb Code    94  sdio_sdcard.o(.text)
    SD_SelectDeselect                        0x08002bb7   Thumb Code    22  sdio_sdcard.o(.text)
    SD_GetCardInfo                           0x08002bcd   Thumb Code   844  sdio_sdcard.o(.text)
    CmdResp2Error                            0x08002f19   Thumb Code    88  sdio_sdcard.o(.text)
    CmdResp6Error                            0x08002f71   Thumb Code   142  sdio_sdcard.o(.text)
    SD_InitializeCards                       0x08002fff   Thumb Code   264  sdio_sdcard.o(.text)
    CmdResp3Error                            0x08003107   Thumb Code    52  sdio_sdcard.o(.text)
    CmdResp7Error                            0x0800313b   Thumb Code    80  sdio_sdcard.o(.text)
    CmdError                                 0x0800318b   Thumb Code    48  sdio_sdcard.o(.text)
    SD_PowerON                               0x080031bb   Thumb Code   358  sdio_sdcard.o(.text)
    SD_Init                                  0x08003321   Thumb Code   208  sdio_sdcard.o(.text)
    SD_PowerOFF                              0x080033f1   Thumb Code    16  sdio_sdcard.o(.text)
    SD_DMA_Config                            0x08003401   Thumb Code   144  sdio_sdcard.o(.text)
    convert_from_bytes_to_power_of_two       0x08003491   Thumb Code    18  sdio_sdcard.o(.text)
    SD_ReadBlock                             0x080034a3   Thumb Code   538  sdio_sdcard.o(.text)
    SD_ReadMultiBlocks                       0x080036bd   Thumb Code   560  sdio_sdcard.o(.text)
    IsCardProgramming                        0x080038ed   Thumb Code   178  sdio_sdcard.o(.text)
    SD_WriteBlock                            0x0800399f   Thumb Code   704  sdio_sdcard.o(.text)
    SD_WriteMultiBlocks                      0x08003c5f   Thumb Code   818  sdio_sdcard.o(.text)
    SD_ProcessIRQSrc                         0x08003f91   Thumb Code   310  sdio_sdcard.o(.text)
    SDIO_IRQHandler                          0x080040c7   Thumb Code     8  sdio_sdcard.o(.text)
    SD_ReadDisk                              0x080040cf   Thumb Code   116  sdio_sdcard.o(.text)
    SD_WriteDisk                             0x08004143   Thumb Code   162  sdio_sdcard.o(.text)
    SD_GetSectorCount                        0x080041e5   Thumb Code    22  sdio_sdcard.o(.text)
    uart_interrupt_on                        0x08004201   Thumb Code    16  uart_api.o(.text)
    uart_interrupt_exit                      0x08004211   Thumb Code    16  uart_api.o(.text)
    uart_receive_bit                         0x08004221   Thumb Code    28  uart_api.o(.text)
    uart_init                                0x0800423d   Thumb Code   144  uart_api.o(.text)
    uart_send                                0x080042cd   Thumb Code    68  uart_api.o(.text)
    USART1_IRQHandler                        0x08004311   Thumb Code   306  uart_api.o(.text)
    lcd_on                                   0x08004473   Thumb Code     8  lcd_api.o(.text)
    lcd_setting                              0x0800447b   Thumb Code    64  lcd_api.o(.text)
    lcd_font                                 0x080044bb   Thumb Code     6  lcd_api.o(.text)
    lcd_background                           0x080044c1   Thumb Code    20  lcd_api.o(.text)
    lcd_init                                 0x080044d5   Thumb Code    44  lcd_api.o(.text)
    lcd_draw_rectangle                       0x08004501   Thumb Code    86  lcd_api.o(.text)
    lcd_off                                  0x08004557   Thumb Code    30  lcd_api.o(.text)
    lcd_display_state                        0x08004575   Thumb Code     6  lcd_api.o(.text)
    lcd_read_point                           0x0800457b   Thumb Code    16  lcd_api.o(.text)
    lcd_draw_point                           0x0800458b   Thumb Code    30  lcd_api.o(.text)
    lcd_draw_circle                          0x080045a9   Thumb Code    54  lcd_api.o(.text)
    lcd_draw_line                            0x080045df   Thumb Code    60  lcd_api.o(.text)
    lcd_cursor_set                           0x0800461b   Thumb Code    26  lcd_api.o(.text)
    lcd_print_clean                          0x08004635   Thumb Code    40  lcd_api.o(.text)
    lcd_print_line                           0x0800465d   Thumb Code   430  lcd_api.o(.text)
    lcd_print                                0x0800480b   Thumb Code   170  lcd_api.o(.text)
    lcd_print_crlf                           0x080048b5   Thumb Code    20  lcd_api.o(.text)
    lcd_is_touch                             0x080048c9   Thumb Code    18  lcd_api.o(.text)
    lcd_touch_x                              0x080048db   Thumb Code    16  lcd_api.o(.text)
    lcd_touch_y                              0x080048eb   Thumb Code    16  lcd_api.o(.text)
    lcd_calcu_middle_location                0x080048fb   Thumb Code    24  lcd_api.o(.text)
    LCD_WR_REG                               0x08004921   Thumb Code     6  lcd_device_api.o(.text)
    LCD_WR_DATA                              0x08004927   Thumb Code     8  lcd_device_api.o(.text)
    LCD_RD_DATA                              0x0800492f   Thumb Code     8  lcd_device_api.o(.text)
    LCD_WriteReg                             0x08004937   Thumb Code    10  lcd_device_api.o(.text)
    LCD_ReadReg                              0x08004941   Thumb Code    22  lcd_device_api.o(.text)
    LCD_WriteRAM_Prepare                     0x08004957   Thumb Code    10  lcd_device_api.o(.text)
    LCD_WriteRAM                             0x08004961   Thumb Code     8  lcd_device_api.o(.text)
    LCD_BGR2RGB                              0x08004969   Thumb Code    26  lcd_device_api.o(.text)
    opt_delay                                0x08004983   Thumb Code    14  lcd_device_api.o(.text)
    LCD_SetCursor                            0x08004991   Thumb Code   112  lcd_device_api.o(.text)
    LCD_ReadPoint                            0x08004a01   Thumb Code   278  lcd_device_api.o(.text)
    LCD_DisplayOn                            0x08004b17   Thumb Code    46  lcd_device_api.o(.text)
    LCD_DisplayOff                           0x08004b45   Thumb Code    44  lcd_device_api.o(.text)
    LCD_Scan_Dir                             0x08004b71   Thumb Code   464  lcd_device_api.o(.text)
    LCD_DrawPoint                            0x08004d41   Thumb Code    28  lcd_device_api.o(.text)
    LCD_Fast_DrawPoint                       0x08004d5d   Thumb Code   128  lcd_device_api.o(.text)
    LCD_Display_Dir                          0x08004ddd   Thumb Code   238  lcd_device_api.o(.text)
    LCD_Clear                                0x08004ecb   Thumb Code    42  lcd_device_api.o(.text)
    LCD_Init                                 0x08004ef5   Thumb Code  6228  lcd_device_api.o(.text)
    LCD_Fill                                 0x08006749   Thumb Code    80  lcd_device_api.o(.text)
    LCD_Color_Fill                           0x08006799   Thumb Code    92  lcd_device_api.o(.text)
    LCD_DrawLine                             0x080067f5   Thumb Code   176  lcd_device_api.o(.text)
    LCD_DrawRectangle                        0x080068a5   Thumb Code    60  lcd_device_api.o(.text)
    Draw_Circle                              0x080068e1   Thumb Code   152  lcd_device_api.o(.text)
    LCD_ShowChar                             0x08006979   Thumb Code   362  lcd_device_api.o(.text)
    LCD_Pow                                  0x08006ae3   Thumb Code    22  lcd_device_api.o(.text)
    LCD_ShowNum                              0x08006af9   Thumb Code   148  lcd_device_api.o(.text)
    LCD_ShowxNum                             0x08006b8d   Thumb Code   190  lcd_device_api.o(.text)
    LCD_ShowString                           0x08006c4b   Thumb Code   102  lcd_device_api.o(.text)
    TP_Write_Byte                            0x08006cc5   Thumb Code    64  lcd_device_touch.o(.text)
    TP_Read_AD                               0x08006d05   Thumb Code   124  lcd_device_touch.o(.text)
    TP_Read_XOY                              0x08006d81   Thumb Code   120  lcd_device_touch.o(.text)
    TP_Read_XY                               0x08006df9   Thumb Code    38  lcd_device_touch.o(.text)
    TP_Read_XY2                              0x08006e1f   Thumb Code   192  lcd_device_touch.o(.text)
    TP_Drow_Touch_Point                      0x08006edf   Thumb Code   108  lcd_device_touch.o(.text)
    TP_Draw_Big_Point                        0x08006f4b   Thumb Code    54  lcd_device_touch.o(.text)
    TP_Scan                                  0x08006f81   Thumb Code   244  lcd_device_touch.o(.text)
    TP_Save_Adjdata                          0x08007075   Thumb Code   168  lcd_device_touch.o(.text)
    TP_Get_Adjdata                           0x0800711d   Thumb Code   152  lcd_device_touch.o(.text)
    TP_Adj_Info_Show                         0x080071b5   Thumb Code   376  lcd_device_touch.o(.text)
    TP_Adjust                                0x0800732d   Thumb Code  2082  lcd_device_touch.o(.text)
    TP_Init                                  0x08007b4f   Thumb Code   218  lcd_device_touch.o(.text)
    time_exit                                0x08007c9d   Thumb Code     8  time_api.o(.text)
    time_init                                0x08007ca5   Thumb Code    16  time_api.o(.text)
    time_get                                 0x08007cb5   Thumb Code    46  time_api.o(.text)
    time_set                                 0x08007ce3   Thumb Code    28  time_api.o(.text)
    time_alarm_add                           0x08007cff   Thumb Code   188  time_api.o(.text)
    time_alarm_delete                        0x08007dbb   Thumb Code   252  time_api.o(.text)
    time_notice                              0x08007eb7   Thumb Code   248  time_api.o(.text)
    reset_wait_time                          0x08007fb9   Thumb Code    14  rtc_device_api.o(.text)
    RTC_Exit                                 0x08007fe7   Thumb Code    12  rtc_device_api.o(.text)
    RTC_Get_Week                             0x08008001   Thumb Code   116  rtc_device_api.o(.text)
    Is_Leap_Year                             0x08008075   Thumb Code    58  rtc_device_api.o(.text)
    RTC_Get                                  0x080080af   Thumb Code   246  rtc_device_api.o(.text)
    RTC_Set                                  0x080081a5   Thumb Code   184  rtc_device_api.o(.text)
    RTC_Init                                 0x0800825d   Thumb Code   186  rtc_device_api.o(.text)
    RTC_IRQHandler                           0x08008317   Thumb Code   198  rtc_device_api.o(.text)
    delay_init                               0x080083dd   Thumb Code    50  delay.o(.text)
    delay_us                                 0x0800840f   Thumb Code    70  delay.o(.text)
    delay_ms                                 0x08008455   Thumb Code    70  delay.o(.text)
    NVIC_Configuration                       0x080084ad   Thumb Code    12  sys.o(.text)
    NVIC_PrioGrpCfg                          0x080084b9   Thumb Code    30  sys.o(.text)
    NVIC_Init_                               0x080084d7   Thumb Code   112  sys.o(.text)
    AT24CXX_ReadOneByte                      0x08008559   Thumb Code    88  24cxx.o(.text)
    AT24CXX_WriteOneByte                     0x080085b1   Thumb Code    80  24cxx.o(.text)
    AT24CXX_WriteLenByte                     0x08008601   Thumb Code    42  24cxx.o(.text)
    AT24CXX_ReadLenByte                      0x0800862b   Thumb Code    44  24cxx.o(.text)
    AT24CXX_Check                            0x08008657   Thumb Code    46  24cxx.o(.text)
    AT24CXX_Read                             0x08008685   Thumb Code    34  24cxx.o(.text)
    AT24CXX_Write                            0x080086a7   Thumb Code    36  24cxx.o(.text)
    IIC_Init                                 0x080086cd   Thumb Code    52  iic.o(.text)
    IIC_Start                                0x08008701   Thumb Code    68  iic.o(.text)
    IIC_Stop                                 0x08008745   Thumb Code    66  iic.o(.text)
    IIC_Wait_Ack                             0x08008787   Thumb Code    82  iic.o(.text)
    IIC_Ack                                  0x080087d9   Thumb Code    72  iic.o(.text)
    IIC_NAck                                 0x08008821   Thumb Code    72  iic.o(.text)
    IIC_Send_Byte                            0x08008869   Thumb Code    96  iic.o(.text)
    IIC_Read_Byte                            0x080088c9   Thumb Code    98  iic.o(.text)
    hardware_notice                          0x08008945   Thumb Code    60  kernel_notice.o(.text)
    create_notice                            0x08008981   Thumb Code    96  kernel_notice.o(.text)
    delete_notice                            0x080089e1   Thumb Code    96  kernel_notice.o(.text)
    kernel_notice                            0x08008a41   Thumb Code    88  kernel_notice.o(.text)
    kernel_notice_init                       0x08008a99   Thumb Code    60  kernel_notice.o(.text)
    kernel_load_enter                        0x08008ad9   Thumb Code   238  kernel_ui_api.o(.text)
    kernel_load_exit                         0x08008bc7   Thumb Code    40  kernel_ui_api.o(.text)
    kernel_set_load_rate                     0x08008bef   Thumb Code    48  kernel_ui_api.o(.text)
    kernel_err_report                        0x08008c1f   Thumb Code   232  kernel_ui_api.o(.text)
    kernel_main                              0x08008d25   Thumb Code   140  kernel_main.o(.text)
    kernel_exit                              0x08008df1   Thumb Code    14  thread_main.o(.text)
    thread_main                              0x08008dff   Thumb Code   100  thread_main.o(.text)
    mymemcpy                                 0x08008e69   Thumb Code    26  malloc.o(.text)
    mymemset                                 0x08008e83   Thumb Code    20  malloc.o(.text)
    mem_init                                 0x08008e97   Thumb Code    54  malloc.o(.text)
    mem_perused                              0x08008ecd   Thumb Code    54  malloc.o(.text)
    mem_malloc                               0x08008f03   Thumb Code   162  malloc.o(.text)
    mem_free                                 0x08008fa5   Thumb Code    94  malloc.o(.text)
    myfree                                   0x08009003   Thumb Code    32  malloc.o(.text)
    mymalloc                                 0x08009023   Thumb Code    34  malloc.o(.text)
    myrealloc                                0x08009045   Thumb Code    66  malloc.o(.text)
    file_system_init                         0x08009099   Thumb Code    18  file_operate.o(.text)
    disk_size                                0x080090ab   Thumb Code    18  file_operate.o(.text)
    folder_create                            0x080090bd   Thumb Code    20  file_operate.o(.text)
    folder_rename                            0x080090d1   Thumb Code    24  file_operate.o(.text)
    folder_delete                            0x080090e9   Thumb Code    20  file_operate.o(.text)
    folder_enum_count                        0x080090fd   Thumb Code    48  file_operate.o(.text)
    folder_enum                              0x0800912d   Thumb Code   118  file_operate.o(.text)
    file_create                              0x080091a3   Thumb Code    38  file_operate.o(.text)
    file_delete                              0x080091c9   Thumb Code    14  file_operate.o(.text)
    file_open                                0x080091d7   Thumb Code    26  file_operate.o(.text)
    file_length                              0x080091f1   Thumb Code    10  file_operate.o(.text)
    file_seek                                0x080091fb   Thumb Code   130  file_operate.o(.text)
    file_write                               0x0800927d   Thumb Code    34  file_operate.o(.text)
    file_read                                0x0800929f   Thumb Code    34  file_operate.o(.text)
    file_close                               0x080092c1   Thumb Code    20  file_operate.o(.text)
    clust2sect                               0x08009485   Thumb Code    26  ff.o(.text)
    get_fat                                  0x0800949f   Thumb Code   228  ff.o(.text)
    put_fat                                  0x08009583   Thumb Code   314  ff.o(.text)
    dir_sdi                                  0x08009821   Thumb Code   156  ff.o(.text)
    gen_numname                              0x08009b75   Thumb Code   190  ff.o(.text)
    f_mount                                  0x0800a86d   Thumb Code    60  ff.o(.text)
    f_open                                   0x0800a8a9   Thumb Code   376  ff.o(.text)
    f_read                                   0x0800aa21   Thumb Code   472  ff.o(.text)
    f_write                                  0x0800abf9   Thumb Code   540  ff.o(.text)
    f_sync                                   0x0800ae15   Thumb Code   174  ff.o(.text)
    f_close                                  0x0800aec3   Thumb Code    22  ff.o(.text)
    f_lseek                                  0x0800aed9   Thumb Code   730  ff.o(.text)
    f_opendir                                0x0800b1b3   Thumb Code   138  ff.o(.text)
    f_readdir                                0x0800b23d   Thumb Code   110  ff.o(.text)
    f_stat                                   0x0800b2ab   Thumb Code    82  ff.o(.text)
    f_getfree                                0x0800b2fd   Thumb Code   260  ff.o(.text)
    f_truncate                               0x0800b401   Thumb Code   160  ff.o(.text)
    f_unlink                                 0x0800b4a1   Thumb Code   192  ff.o(.text)
    f_mkdir                                  0x0800b561   Thumb Code   384  ff.o(.text)
    f_chmod                                  0x0800b6e1   Thumb Code   112  ff.o(.text)
    f_utime                                  0x0800b751   Thumb Code   110  ff.o(.text)
    f_rename                                 0x0800b7bf   Thumb Code   302  ff.o(.text)
    f_mkfs                                   0x0800b8ed   Thumb Code  1582  ff.o(.text)
    f_gets                                   0x0800bf1b   Thumb Code    78  ff.o(.text)
    f_putc                                   0x0800bf69   Thumb Code    38  ff.o(.text)
    f_puts                                   0x0800bf8f   Thumb Code    40  ff.o(.text)
    f_printf                                 0x0800bfb7   Thumb Code   704  ff.o(.text)
    disk_initialize                          0x0800c277   Thumb Code    40  diskio.o(.text)
    disk_status                              0x0800c29f   Thumb Code     6  diskio.o(.text)
    disk_read                                0x0800c2a5   Thumb Code    62  diskio.o(.text)
    disk_write                               0x0800c2e3   Thumb Code    92  diskio.o(.text)
    disk_ioctl                               0x0800c33f   Thumb Code    58  diskio.o(.text)
    get_fattime                              0x0800c379   Thumb Code     4  diskio.o(.text)
    ff_memalloc                              0x0800c37d   Thumb Code    14  diskio.o(.text)
    ff_memfree                               0x0800c38b   Thumb Code    14  diskio.o(.text)
    ff_convert                               0x0800c399   Thumb Code   116  cc936.o(.text)
    ff_wtoupper                              0x0800c40d   Thumb Code    46  cc936.o(.text)
    exfuns_init                              0x0800c44d   Thumb Code    90  exfuns.o(.text)
    char_upper                               0x0800c4a7   Thumb Code    26  exfuns.o(.text)
    f_typetell                               0x0800c4c1   Thumb Code   188  exfuns.o(.text)
    exf_getfree                              0x0800c57d   Thumb Code    74  exfuns.o(.text)
    graphics_background_clean                0x0800c5dd   Thumb Code    38  graphics_background.o(.text)
    graphics_background_init                 0x0800c603   Thumb Code     8  graphics_background.o(.text)
    graphics_background_load                 0x0800c60b   Thumb Code    12  graphics_background.o(.text)
    graphics_draw_background                 0x0800c617   Thumb Code     8  graphics_background.o(.text)
    graphics_draw_bitmap                     0x0800c94f   Thumb Code   104  graphics_bitmap.o(.text)
    graphics_get_bitmap                      0x0800c9b7   Thumb Code    28  graphics_bitmap.o(.text)
    graphics_draw_font                       0x0800c9d5   Thumb Code    58  graphics_font.o(.text)
    graphics_draw_font_string                0x0800ca0f   Thumb Code    80  graphics_font.o(.text)
    create_widget                            0x0800ca65   Thumb Code   500  graphics_widget.o(.text)
    delete_widget                            0x0800cc59   Thumb Code   170  graphics_widget.o(.text)
    set_label_multiline                      0x0800ceb9   Thumb Code   174  graphics_widget.o(.text)
    set_label_caption                        0x0800cf67   Thumb Code   264  graphics_widget.o(.text)
    set_button_click_recall                  0x0800d1fb   Thumb Code    48  graphics_widget.o(.text)
    set_button_caption                       0x0800d22b   Thumb Code   228  graphics_widget.o(.text)
    set_progress_max_value                   0x0800d473   Thumb Code   176  graphics_widget.o(.text)
    set_progress_value                       0x0800d523   Thumb Code   180  graphics_widget.o(.text)
    set_picture_bitmap                       0x0800d61f   Thumb Code   308  graphics_widget.o(.text)
    set_picture_empty                        0x0800d753   Thumb Code   100  graphics_widget.o(.text)
    set_picture_click_recall                 0x0800d7b7   Thumb Code    50  graphics_widget.o(.text)
    draw_widget                              0x0800d7e9   Thumb Code   274  graphics_widget.o(.text)
    draw_line                                0x0800d8fb   Thumb Code    70  graphics_widget.o(.text)
    draw_circle                              0x0800d941   Thumb Code    68  graphics_widget.o(.text)
    set_widget_background_color              0x0800d985   Thumb Code    60  graphics_widget.o(.text)
    set_widget_foreground_color              0x0800d9c1   Thumb Code    60  graphics_widget.o(.text)
    graphics_window_init                     0x0800dc93   Thumb Code    28  graphics_window.o(.text)
    create_window                            0x0800dcaf   Thumb Code   106  graphics_window.o(.text)
    refresh_window_title                     0x0800dd19   Thumb Code   204  graphics_window.o(.text)
    refresh_window_background                0x0800dde5   Thumb Code   194  graphics_window.o(.text)
    refresh_window                           0x0800dea7   Thumb Code    62  graphics_window.o(.text)
    get_window_front                         0x0800dee5   Thumb Code     6  graphics_window.o(.text)
    set_window_front                         0x0800deeb   Thumb Code    22  graphics_window.o(.text)
    show_window                              0x0800df01   Thumb Code   552  graphics_window.o(.text)
    set_window_show_title                    0x0800e129   Thumb Code    60  graphics_window.o(.text)
    set_window_title                         0x0800e165   Thumb Code   132  graphics_window.o(.text)
    set_window_background_color              0x0800e1e9   Thumb Code    68  graphics_window.o(.text)
    close_window                             0x0800e22d   Thumb Code   264  graphics_window.o(.text)
    notice_window                            0x0800e335   Thumb Code  1146  graphics_window.o(.text)
    messagebox                               0x0800e7d7   Thumb Code  1054  graphics_window.o(.text)
    graphics_init                            0x0800ebf5   Thumb Code    12  graphics_window.o(.text)
    test_button_click_event                  0x0800ec01   Thumb Code    44  graphics_window.o(.text)
    test_picture_click_event                 0x0800ec2d   Thumb Code    18  graphics_window.o(.text)
    test_notics_window                       0x0800ec3f   Thumb Code    42  graphics_window.o(.text)
    window_test                              0x0800ec69   Thumb Code   378  graphics_window.o(.text)
    gsm_reset                                0x0800eecd   Thumb Code    10  kernel_expand_gsm.o(.text)
    gsm_init                                 0x0800eed7   Thumb Code     8  kernel_expand_gsm.o(.text)
    gsm_notice                               0x0800eee9   Thumb Code   144  kernel_expand_gsm.o(.text)
    gsm_call                                 0x0800ef79   Thumb Code    50  kernel_expand_gsm.o(.text)
    gsm_handup                               0x0800efab   Thumb Code    10  kernel_expand_gsm.o(.text)
    gsm_answer                               0x0800efb5   Thumb Code    10  kernel_expand_gsm.o(.text)
    system_desktop_init                      0x0800f015   Thumb Code    54  system_desktop.o(.text)
    system_desktop_title                     0x0800f0b9   Thumb Code    26  system_desktop_ui.o(.text)
    system_desktop_get_window_handle         0x0800f17b   Thumb Code     6  system_desktop_ui.o(.text)
    system_desktop_fresh_app_list            0x0800f181   Thumb Code   512  system_desktop_ui.o(.text)
    system_desktop_ui_init                   0x0800f381   Thumb Code   736  system_desktop_ui.o(.text)
    system_desktop_ui_notice                 0x0800f661   Thumb Code    30  system_desktop_ui.o(.text)
    system_desktop_application_execute_init  0x0800f699   Thumb Code   108  system_desktop_application_execute.o(.text)
    system_desktop_application_execute_widget_notice 0x0800f705   Thumb Code     2  system_desktop_application_execute.o(.text)
    clean_script                             0x08010f5b   Thumb Code    60  script_hoster.o(.text)
    load_script                              0x08010f97   Thumb Code   236  script_hoster.o(.text)
    clean_space                              0x080110a1   Thumb Code   188  script_resolve.o(.text)
    clean_escape                             0x0801115d   Thumb Code    80  script_resolve.o(.text)
    is_string                                0x080111ad   Thumb Code    68  script_resolve.o(.text)
    clean_string_flag                        0x080111f1   Thumb Code    60  script_resolve.o(.text)
    string_change_low                        0x0801122d   Thumb Code    50  script_resolve.o(.text)
    string_get_space_left                    0x0801125f   Thumb Code    50  script_resolve.o(.text)
    string_get_equal_left                    0x08011291   Thumb Code    50  script_resolve.o(.text)
    string_get_equal_right                   0x080112c3   Thumb Code    54  script_resolve.o(.text)
    string_move_left                         0x080112f9   Thumb Code    40  script_resolve.o(.text)
    is_valid_variables_name                  0x08011321   Thumb Code    70  script_resolve.o(.text)
    is_char                                  0x08011367   Thumb Code    34  script_resolve.o(.text)
    is_float                                 0x08011389   Thumb Code    62  script_resolve.o(.text)
    is_number                                0x080113c7   Thumb Code    50  script_resolve.o(.text)
    is_valid_term                            0x080113f9   Thumb Code   324  script_resolve.o(.text)
    is_valid_function_expression             0x080115bb   Thumb Code    74  script_resolve.o(.text)
    is_valid_calculate                       0x08011605   Thumb Code   286  script_resolve.o(.text)
    number_to_string                         0x08011723   Thumb Code    18  script_resolve.o(.text)
    string_to_number                         0x08011735   Thumb Code   142  script_resolve.o(.text)
    string_to_float                          0x080117c3   Thumb Code    78  script_resolve.o(.text)
    resolve_code_line_type                   0x0801186f   Thumb Code   156  script_syntax.o(.text)
    resolve_variables_declare                0x0801190b   Thumb Code   374  script_syntax.o(.text)
    check_syntax_line                        0x08011a81   Thumb Code   942  script_syntax.o(.text)
    resolve_if_determine                     0x08011e2f   Thumb Code   204  script_syntax.o(.text)
    resolve_while_loop                       0x08011efb   Thumb Code   162  script_syntax.o(.text)
    resolve_for_loop                         0x08011f9d   Thumb Code   378  script_syntax.o(.text)
    resolve_call                             0x08012117   Thumb Code   182  script_syntax.o(.text)
    resolve_assignment                       0x080121cd   Thumb Code   402  script_syntax.o(.text)
    telephone_dial_init                      0x0801252d   Thumb Code   284  telephone_ui.o(.text)
    telephone_init                           0x080126cf   Thumb Code   966  telephone_ui.o(.text)
    alarm_notice                             0x08012c55   Thumb Code   136  alarm_ui.o(.text)
    alarm_exit                               0x080135bf   Thumb Code     2  alarm_ui.o(.text)
    alarm_init                               0x080135eb   Thumb Code   328  alarm_ui.o(.text)
    malloc                                   0x080137f1   Thumb Code    94  h1_alloc.o(.text)
    free                                     0x0801384f   Thumb Code    78  h1_free.o(.text)
    __aeabi_ldivmod                          0x0801389d   Thumb Code     0  llsdiv.o(.text)
    _ll_sdiv                                 0x0801389d   Thumb Code    72  llsdiv.o(.text)
    __2sprintf                               0x080138e5   Thumb Code    34  noretval__2sprintf.o(.text)
    _printf_pre_padding                      0x0801390d   Thumb Code    46  _printf_pad.o(.text)
    _printf_post_padding                     0x0801393b   Thumb Code    36  _printf_pad.o(.text)
    _printf_str                              0x0801395f   Thumb Code    82  _printf_str.o(.text)
    _printf_int_dec                          0x080139b1   Thumb Code   102  _printf_dec.o(.text)
    __printf                                 0x08013a29   Thumb Code   390  __printf_flags_ss_wp.o(.text)
    strcpy                                   0x08013bb5   Thumb Code    72  strcpy.o(.text)
    strlen                                   0x08013bfd   Thumb Code    62  strlen.o(.text)
    strcat                                   0x08013c3b   Thumb Code    24  strcat.o(.text)
    __aeabi_memcpy                           0x08013c53   Thumb Code     0  rt_memcpy_v6.o(.text)
    __rt_memcpy                              0x08013c53   Thumb Code   138  rt_memcpy_v6.o(.text)
    _memcpy_lastbytes                        0x08013cb9   Thumb Code     0  rt_memcpy_v6.o(.text)
    __aeabi_memcpy4                          0x08013cdd   Thumb Code     0  rt_memcpy_w.o(.text)
    __aeabi_memcpy8                          0x08013cdd   Thumb Code     0  rt_memcpy_w.o(.text)
    __rt_memcpy_w                            0x08013cdd   Thumb Code   100  rt_memcpy_w.o(.text)
    _memcpy_lastbytes_aligned                0x08013d25   Thumb Code     0  rt_memcpy_w.o(.text)
    __aeabi_memset                           0x08013d41   Thumb Code    16  aeabi_memset.o(.text)
    __aeabi_memclr                           0x08013d51   Thumb Code     0  rt_memclr.o(.text)
    __rt_memclr                              0x08013d51   Thumb Code    68  rt_memclr.o(.text)
    _memset                                  0x08013d55   Thumb Code     0  rt_memclr.o(.text)
    __aeabi_memclr4                          0x08013d95   Thumb Code     0  rt_memclr_w.o(.text)
    __aeabi_memclr8                          0x08013d95   Thumb Code     0  rt_memclr_w.o(.text)
    __rt_memclr_w                            0x08013d95   Thumb Code    78  rt_memclr_w.o(.text)
    _memset_w                                0x08013d99   Thumb Code     0  rt_memclr_w.o(.text)
    strcmp                                   0x08013de5   Thumb Code   128  strcmpv7m.o(.text)
    __use_two_region_memory                  0x08013e65   Thumb Code     2  heapauxi.o(.text)
    __rt_heap_escrow                         0x08013e67   Thumb Code     2  heapauxi.o(.text)
    __rt_heap_expand                         0x08013e69   Thumb Code     2  heapauxi.o(.text)
    __rt_heap_descriptor                     0x08013e6d   Thumb Code     8  rt_heap_descriptor_intlibspace.o(.text)
    __use_no_heap                            0x08013e75   Thumb Code     2  hguard.o(.text)
    __heap$guard                             0x08013e77   Thumb Code     2  hguard.o(.text)
    _terminate_user_alloc                    0x08013e79   Thumb Code     2  init_alloc.o(.text)
    _init_user_alloc                         0x08013e7b   Thumb Code     2  init_alloc.o(.text)
    __Heap_Full                              0x08013e7d   Thumb Code    34  init_alloc.o(.text)
    __Heap_Broken                            0x08013e9f   Thumb Code     6  init_alloc.o(.text)
    _init_alloc                              0x08013ea5   Thumb Code    94  init_alloc.o(.text)
    __Heap_Initialize                        0x08013f03   Thumb Code    10  h1_init.o(.text)
    __Heap_DescSize                          0x08013f0d   Thumb Code     4  h1_init.o(.text)
    __aeabi_uldivmod                         0x08013f11   Thumb Code     0  lludivv7m.o(.text)
    _ll_udiv                                 0x08013f11   Thumb Code   238  lludivv7m.o(.text)
    __read_errno                             0x08013fff   Thumb Code    10  _rserrno.o(.text)
    __set_errno                              0x08014009   Thumb Code    12  _rserrno.o(.text)
    _printf_int_common                       0x08014015   Thumb Code   184  _printf_intcommon.o(.text)
    _printf_char_common                      0x080140d7   Thumb Code    32  _printf_char_common.o(.text)
    _sputc                                   0x080140fd   Thumb Code    10  _sputc.o(.text)
    _printf_cs_common                        0x08014107   Thumb Code    20  _printf_char.o(.text)
    _printf_char                             0x0801411b   Thumb Code    16  _printf_char.o(.text)
    _printf_string                           0x0801412b   Thumb Code     8  _printf_char.o(.text)
    __user_libspace                          0x08014135   Thumb Code     8  libspace.o(.text)
    __user_perproc_libspace                  0x08014135   Thumb Code     0  libspace.o(.text)
    __user_perthread_libspace                0x08014135   Thumb Code     0  libspace.o(.text)
    __aeabi_errno_addr                       0x0801413d   Thumb Code     8  rt_errno_addr_intlibspace.o(.text)
    __errno$intlibspace                      0x0801413d   Thumb Code     0  rt_errno_addr_intlibspace.o(.text)
    __rt_errno_addr$intlibspace              0x0801413d   Thumb Code     0  rt_errno_addr_intlibspace.o(.text)
    __Heap_ProvideMemory                     0x08014145   Thumb Code    52  h1_extend.o(.text)
    __rt_SIGRTMEM                            0x08014179   Thumb Code    14  defsig_rtmem_outer.o(.text)
    __I$use$semihosting                      0x08014187   Thumb Code     0  use_no_semi.o(.text)
    __use_no_semihosting_swi                 0x08014187   Thumb Code     2  use_no_semi.o(.text)
    __semihosting_library_function           0x08014189   Thumb Code     0  indicate_semi.o(.text)
    __user_setup_stackheap                   0x08014189   Thumb Code    74  sys_stackheap_outer.o(.text)
    exit                                     0x080141d3   Thumb Code    12  exit.o(.text)
    __sig_exit                               0x080141df   Thumb Code    10  defsig_exit.o(.text)
    __rt_SIGRTMEM_inner                      0x080141e9   Thumb Code    22  defsig_rtmem_inner.o(.text)
    _sys_exit                                0x08014239   Thumb Code     8  sys_exit.o(.text)
    __default_signal_display                 0x08014245   Thumb Code    50  defsig_general.o(.text)
    _ttywrch                                 0x08014277   Thumb Code    14  sys_wrch.o(.text)
    __ARM_fpclassify                         0x08014285   Thumb Code    40  fpclassify.o(i.__ARM_fpclassify)
    __kernel_poly                            0x080142ad   Thumb Code   170  poly.o(i.__kernel_poly)
    __mathlib_dbl_underflow                  0x08014359   Thumb Code    10  dunder.o(i.__mathlib_dbl_underflow)
    _is_digit                                0x08014369   Thumb Code    14  __printf_wp.o(i._is_digit)
    pow                                      0x08014379   Thumb Code  2510  pow.o(i.pow)
    sqrt                                     0x08014d59   Thumb Code    76  sqrt.o(i.sqrt)
    __aeabi_dadd                             0x08014da5   Thumb Code     0  daddsub_clz.o(x$fpl$dadd)
    _dadd                                    0x08014da5   Thumb Code   332  daddsub_clz.o(x$fpl$dadd)
    __fpl_dcheck_NaN1                        0x08014ef5   Thumb Code    10  dcheck1.o(x$fpl$dcheck1)
    __fpl_dcmp_Inf                           0x08014f05   Thumb Code    24  dcmpi.o(x$fpl$dcmpinf)
    __aeabi_ddiv                             0x08014f1d   Thumb Code     0  ddiv.o(x$fpl$ddiv)
    _ddiv                                    0x08014f1d   Thumb Code   552  ddiv.o(x$fpl$ddiv)
    __aeabi_d2iz                             0x080151cd   Thumb Code     0  dfix.o(x$fpl$dfix)
    _dfix                                    0x080151cd   Thumb Code    94  dfix.o(x$fpl$dfix)
    __aeabi_d2uiz                            0x0801522d   Thumb Code     0  dfixu.o(x$fpl$dfixu)
    _dfixu                                   0x0801522d   Thumb Code    90  dfixu.o(x$fpl$dfixu)
    __aeabi_i2d                              0x08015287   Thumb Code     0  dflt_clz.o(x$fpl$dflt)
    _dflt                                    0x08015287   Thumb Code    46  dflt_clz.o(x$fpl$dflt)
    __aeabi_ui2d                             0x080152b5   Thumb Code     0  dflt_clz.o(x$fpl$dfltu)
    _dfltu                                   0x080152b5   Thumb Code    38  dflt_clz.o(x$fpl$dfltu)
    __aeabi_cdcmple                          0x080152dd   Thumb Code     0  dleqf.o(x$fpl$dleqf)
    _dcmple                                  0x080152dd   Thumb Code   120  dleqf.o(x$fpl$dleqf)
    __fpl_dcmple_InfNaN                      0x0801533f   Thumb Code     0  dleqf.o(x$fpl$dleqf)
    __aeabi_dmul                             0x08015355   Thumb Code     0  dmul.o(x$fpl$dmul)
    _dmul                                    0x08015355   Thumb Code   332  dmul.o(x$fpl$dmul)
    __fpl_dnaninf                            0x080154a9   Thumb Code   156  dnaninf.o(x$fpl$dnaninf)
    __fpl_dretinf                            0x08015545   Thumb Code    12  dretinf.o(x$fpl$dretinf)
    __aeabi_cdrcmple                         0x08015551   Thumb Code     0  drleqf.o(x$fpl$drleqf)
    _drcmple                                 0x08015551   Thumb Code   108  drleqf.o(x$fpl$drleqf)
    __aeabi_drsub                            0x080155bd   Thumb Code     0  daddsub_clz.o(x$fpl$drsb)
    _drsb                                    0x080155bd   Thumb Code    22  daddsub_clz.o(x$fpl$drsb)
    _dsqrt                                   0x080155d5   Thumb Code   456  dsqrt_noumaal.o(x$fpl$dsqrt)
    __aeabi_dsub                             0x080157a1   Thumb Code     0  daddsub_clz.o(x$fpl$dsub)
    _dsub                                    0x080157a1   Thumb Code   464  daddsub_clz.o(x$fpl$dsub)
    __aeabi_f2d                              0x08015975   Thumb Code     0  f2d.o(x$fpl$f2d)
    _f2d                                     0x08015975   Thumb Code    86  f2d.o(x$fpl$f2d)
    __aeabi_fadd                             0x080159cd   Thumb Code     0  faddsub_clz.o(x$fpl$fadd)
    _fadd                                    0x080159cd   Thumb Code   196  faddsub_clz.o(x$fpl$fadd)
    __fpl_fcmp_Inf                           0x08015a91   Thumb Code    24  fcmpi.o(x$fpl$fcmpinf)
    __aeabi_fdiv                             0x08015aa9   Thumb Code     0  fdiv.o(x$fpl$fdiv)
    _fdiv                                    0x08015aa9   Thumb Code   384  fdiv.o(x$fpl$fdiv)
    __aeabi_cfcmpeq                          0x08015c2d   Thumb Code     0  feqf.o(x$fpl$feqf)
    _fcmpeq                                  0x08015c2d   Thumb Code   104  feqf.o(x$fpl$feqf)
    __aeabi_f2iz                             0x08015c95   Thumb Code     0  ffix.o(x$fpl$ffix)
    _ffix                                    0x08015c95   Thumb Code    54  ffix.o(x$fpl$ffix)
    __aeabi_f2uiz                            0x08015ccd   Thumb Code     0  ffixu.o(x$fpl$ffixu)
    _ffixu                                   0x08015ccd   Thumb Code    62  ffixu.o(x$fpl$ffixu)
    __aeabi_i2f                              0x08015d0d   Thumb Code     0  fflt_clz.o(x$fpl$fflt)
    _fflt                                    0x08015d0d   Thumb Code    48  fflt_clz.o(x$fpl$fflt)
    __aeabi_ui2f                             0x08015d3d   Thumb Code     0  fflt_clz.o(x$fpl$ffltu)
    _ffltu                                   0x08015d3d   Thumb Code    38  fflt_clz.o(x$fpl$ffltu)
    __aeabi_cfcmple                          0x08015d65   Thumb Code     0  fleqf.o(x$fpl$fleqf)
    _fcmple                                  0x08015d65   Thumb Code   104  fleqf.o(x$fpl$fleqf)
    __fpl_fcmple_InfNaN                      0x08015db7   Thumb Code     0  fleqf.o(x$fpl$fleqf)
    __aeabi_fmul                             0x08015dcd   Thumb Code     0  fmul.o(x$fpl$fmul)
    _fmul                                    0x08015dcd   Thumb Code   258  fmul.o(x$fpl$fmul)
    __fpl_fnaninf                            0x08015ecf   Thumb Code   140  fnaninf.o(x$fpl$fnaninf)
    __fpl_fretinf                            0x08015f5b   Thumb Code    10  fretinf.o(x$fpl$fretinf)
    __aeabi_cfrcmple                         0x08015f65   Thumb Code     0  frleqf.o(x$fpl$frleqf)
    _frcmple                                 0x08015f65   Thumb Code    98  frleqf.o(x$fpl$frleqf)
    __aeabi_fsub                             0x08015fc9   Thumb Code     0  faddsub_clz.o(x$fpl$fsub)
    _fsub                                    0x08015fc9   Thumb Code   234  faddsub_clz.o(x$fpl$fsub)
    __fpl_return_NaN                         0x080160b3   Thumb Code   100  retnan.o(x$fpl$retnan)
    __ARM_scalbn                             0x08016117   Thumb Code    92  scalbn.o(x$fpl$scalbn)
    __fpl_cmpreturn                          0x08016173   Thumb Code    48  trapv.o(x$fpl$trapveneer)
    __I$use$fp                               0x080161a2   Number         0  usenofp.o(x$fpl$usenofp)
    asc2_1206                                0x080161f8   Data        1140  lcd_device_api.o(.constdata)
    asc2_1608                                0x0801666c   Data        1520  lcd_device_api.o(.constdata)
    table_week                               0x08016c5c   Data          12  rtc_device_api.o(.constdata)
    mon_table                                0x08016c68   Data          12  rtc_device_api.o(.constdata)
    kernel_logo                              0x08016c74   Data       30054  kernel_ui_api.o(.constdata)
    memtblsize                               0x0801e258   Data           8  malloc.o(.constdata)
    memblksize                               0x0801e260   Data           8  malloc.o(.constdata)
    memsize                                  0x0801e268   Data           8  malloc.o(.constdata)
    telephone_icon                           0x0804a268   Data       30056  system_desktop_ui.o(.constdata)
    alarm_icon                               0x080517d0   Data       30054  system_desktop_ui.o(.constdata)
    __mathlib_zero                           0x08058dd0   Data           8  qnan.o(.constdata)
    Region$$Table$$Base                      0x08058eac   Number         0  anon$$obj.o(Region$$Table)
    Region$$Table$$Limit                     0x08058ecc   Number         0  anon$$obj.o(Region$$Table)
    SystemCoreClock                          0x20000014   Data           4  system_stm32f10x.o(.data)
    AHBPrescTable                            0x20000018   Data          16  system_stm32f10x.o(.data)
    power_stat                               0x20000028   Data           1  power_api.o(.data)
    SPI_FLASH_TYPE                           0x2000002c   Data           4  flash_device_api.o(.data)
    TransferError                            0x2000003a   Data           1  sdio_sdcard.o(.data)
    TransferEnd                              0x2000003b   Data           1  sdio_sdcard.o(.data)
    uart_recv_buffer_length                  0x2000003c   Data           4  uart_api.o(.data)
    POINT_COLOR                              0x20000384   Data           2  lcd_device_api.o(.data)
    BACK_COLOR                               0x20000386   Data           2  lcd_device_api.o(.data)
    tp_dev                                   0x20000388   Data          40  lcd_device_touch.o(.data)
    CMD_RDX                                  0x200003b0   Data           1  lcd_device_touch.o(.data)
    CMD_RDY                                  0x200003b1   Data           1  lcd_device_touch.o(.data)
    TP_REMIND_MSG_TBL                        0x200003b4   Data           4  lcd_device_touch.o(.data)
    load_rate                                0x200003c4   Data           4  kernel_ui_api.o(.data)
    kernel_load_window                       0x200003c8   Data           4  kernel_ui_api.o(.data)
    progress_load_rate_handle                0x200003cc   Data           4  kernel_ui_api.o(.data)
    kernel_power                             0x200003d0   Data           1  thread_main.o(.data)
    mallco_dev                               0x200003d4   Data          28  malloc.o(.data)
    FILE_TYPE_TBL                            0x200003fc   Data         312  exfuns.o(.data)
    fs                                       0x20000534   Data           8  exfuns.o(.data)
    file                                     0x2000053c   Data           4  exfuns.o(.data)
    ftemp                                    0x20000540   Data           4  exfuns.o(.data)
    br                                       0x20000544   Data           4  exfuns.o(.data)
    bw                                       0x20000548   Data           4  exfuns.o(.data)
    fatbuf                                   0x2000054c   Data           4  exfuns.o(.data)
    window_front                             0x20000550   Data           4  graphics_window.o(.data)
    click_code                               0x20000554   Data           1  graphics_window.o(.data)
    create_window_handle                     0x20000558   Data           4  graphics_window.o(.data)
    label_handle                             0x2000055c   Data           4  graphics_window.o(.data)
    button_handle                            0x20000560   Data           4  graphics_window.o(.data)
    progress_handle                          0x20000564   Data           4  graphics_window.o(.data)
    picture_handle                           0x20000568   Data           4  graphics_window.o(.data)
    click_index                              0x2000056c   Data           4  graphics_window.o(.data)
    desktop_handle                           0x20000570   Data           4  system_desktop.o(.data)
    system_desktop_handle                    0x20000574   Data           4  system_desktop_ui.o(.data)
    script_data                              0x20000578   Data           4  script_hoster.o(.data)
    script_data_length                       0x2000057c   Data           4  script_hoster.o(.data)
    script_stack                             0x20000580   Data           4  script_hoster.o(.data)
    script_stack_size                        0x20000584   Data           4  script_hoster.o(.data)
    script_line                              0x20000588   Data           4  script_hoster.o(.data)
    script_code_line                         0x2000058c   Data           4  script_hoster.o(.data)
    telephone_window_handle                  0x20000590   Data           4  telephone_ui.o(.data)
    phone_number_laben_handle                0x20000594   Data           4  telephone_ui.o(.data)
    telephone_dial_window_handle             0x20000598   Data           4  telephone_ui.o(.data)
    ring_button_handle                       0x2000059c   Data           4  telephone_ui.o(.data)
    SPI_FLASH_BUFFER                         0x20000600   Data        4096  flash_device_api.o(.bss)
    SDCardInfo                               0x20001620   Data          88  sdio_sdcard.o(.bss)
    SDIO_DATA_BUFFER                         0x20001678   Data         512  sdio_sdcard.o(.bss)
    uart_recv_buffer                         0x20001878   Data         256  uart_api.o(.bss)
    lcddev                                   0x20001978   Data          10  lcd_device_api.o(.bss)
    time_alarm                               0x20001984   Data          64  time_api.o(.bss)
    calendar                                 0x200019c4   Data          10  rtc_device_api.o(.bss)
    mem1base                                 0x20001a74   Data       40960  malloc.o(.bss)
    mem1mapbase                              0x2000ba74   Data        2560  malloc.o(.bss)
    window_list                              0x2000c474   Data        4708  graphics_window.o(.bss)
    label                                    0x2000d6d8   Data          44  graphics_window.o(.bss)
    button                                   0x2000d704   Data          44  graphics_window.o(.bss)
    progress                                 0x2000d730   Data          44  graphics_window.o(.bss)
    picture                                  0x2000d75c   Data          44  graphics_window.o(.bss)
    ring_number_buffer                       0x2000d788   Data          20  kernel_expand_gsm.o(.bss)
    app_list                                 0x2000d79c   Data         176  system_desktop_ui.o(.bss)
    globel_variables_table                   0x2000d84c   Data        2052  script_hoster.o(.bss)
    call_phone_number_buffer                 0x2000e050   Data          20  telephone_ui.o(.bss)
    __libspace_start                         0x2000e078   Data          96  libspace.o(.bss)
    __temporary_stack_top$libspace           0x2000e0d8   Data           0  libspace.o(.bss)
    mem2base                                 0x68000000   Data       204800  malloc.o(.ARM.__AT_0x68000000)
    mem2mapbase                              0x68032000   Data       12800  malloc.o(.ARM.__AT_0x68032000)



==============================================================================

Memory Map of the image

  Image Entry point : 0x08000131

  Load Region LR_IROM1 (Base: 0x08000000, Size: 0x000594b4, Max: 0x00080000, ABSOLUTE, COMPRESSED[0x00058f94])

    Execution Region ER_IROM1 (Base: 0x08000000, Size: 0x00058ecc, Max: 0x00080000, ABSOLUTE)

    Base Addr    Size         Type   Attr      Idx    E Section Name        Object

    0x08000000   0x00000130   Data   RO           19    RESET               startup_stm32f10x_hd.o
    0x08000130   0x00000008   Code   RO         1557  * !!!main             c_w.l(__main.o)
    0x08000138   0x00000034   Code   RO         1967    !!!scatter          c_w.l(__scatter.o)
    0x0800016c   0x0000005a   Code   RO         1965    !!dczerorl2         c_w.l(__dczerorl2.o)
    0x080001c6   0x00000002   PAD
    0x080001c8   0x0000001c   Code   RO         1969    !!handler_zi        c_w.l(__scatter_zi.o)
    0x080001e4   0x00000000   Code   RO         1536    .ARM.Collect$$_printf_percent$$00000000  c_w.l(_printf_percent.o)
    0x080001e4   0x00000006   Code   RO         1535    .ARM.Collect$$_printf_percent$$00000009  c_w.l(_printf_d.o)
    0x080001ea   0x00000006   Code   RO         1534    .ARM.Collect$$_printf_percent$$00000014  c_w.l(_printf_s.o)
    0x080001f0   0x00000004   Code   RO         1683    .ARM.Collect$$_printf_percent$$00000017  c_w.l(_printf_percent_end.o)
    0x080001f4   0x00000002   Code   RO         1873    .ARM.Collect$$libinit$$00000000  c_w.l(libinit.o)
    0x080001f6   0x00000000   Code   RO         1693    .ARM.Collect$$libinit$$00000002  c_w.l(libinit2.o)
    0x080001f6   0x00000008   Code   RO         1694    .ARM.Collect$$libinit$$00000003  c_w.l(libinit2.o)
    0x080001fe   0x00000000   Code   RO         1696    .ARM.Collect$$libinit$$00000008  c_w.l(libinit2.o)
    0x080001fe   0x00000000   Code   RO         1698    .ARM.Collect$$libinit$$0000000A  c_w.l(libinit2.o)
    0x080001fe   0x00000000   Code   RO         1700    .ARM.Collect$$libinit$$0000000C  c_w.l(libinit2.o)
    0x080001fe   0x00000000   Code   RO         1703    .ARM.Collect$$libinit$$0000000F  c_w.l(libinit2.o)
    0x080001fe   0x00000000   Code   RO         1705    .ARM.Collect$$libinit$$00000011  c_w.l(libinit2.o)
    0x080001fe   0x00000000   Code   RO         1707    .ARM.Collect$$libinit$$00000013  c_w.l(libinit2.o)
    0x080001fe   0x00000000   Code   RO         1709    .ARM.Collect$$libinit$$00000015  c_w.l(libinit2.o)
    0x080001fe   0x00000000   Code   RO         1711    .ARM.Collect$$libinit$$00000017  c_w.l(libinit2.o)
    0x080001fe   0x00000000   Code   RO         1713    .ARM.Collect$$libinit$$00000019  c_w.l(libinit2.o)
    0x080001fe   0x00000000   Code   RO         1715    .ARM.Collect$$libinit$$0000001B  c_w.l(libinit2.o)
    0x080001fe   0x00000000   Code   RO         1717    .ARM.Collect$$libinit$$0000001D  c_w.l(libinit2.o)
    0x080001fe   0x00000000   Code   RO         1719    .ARM.Collect$$libinit$$0000001F  c_w.l(libinit2.o)
    0x080001fe   0x00000000   Code   RO         1721    .ARM.Collect$$libinit$$00000021  c_w.l(libinit2.o)
    0x080001fe   0x00000000   Code   RO         1723    .ARM.Collect$$libinit$$00000023  c_w.l(libinit2.o)
    0x080001fe   0x00000000   Code   RO         1727    .ARM.Collect$$libinit$$0000002A  c_w.l(libinit2.o)
    0x080001fe   0x00000000   Code   RO         1729    .ARM.Collect$$libinit$$0000002C  c_w.l(libinit2.o)
    0x080001fe   0x00000000   Code   RO         1731    .ARM.Collect$$libinit$$0000002E  c_w.l(libinit2.o)
    0x080001fe   0x00000000   Code   RO         1733    .ARM.Collect$$libinit$$00000030  c_w.l(libinit2.o)
    0x080001fe   0x00000002   Code   RO         1734    .ARM.Collect$$libinit$$00000031  c_w.l(libinit2.o)
    0x08000200   0x00000002   Code   RO         1962    .ARM.Collect$$libshutdown$$00000000  c_w.l(libshutdown.o)
    0x08000202   0x00000000   Code   RO         1876    .ARM.Collect$$libshutdown$$00000003  c_w.l(libshutdown2.o)
    0x08000202   0x00000000   Code   RO         1879    .ARM.Collect$$libshutdown$$00000006  c_w.l(libshutdown2.o)
    0x08000202   0x00000000   Code   RO         1882    .ARM.Collect$$libshutdown$$00000009  c_w.l(libshutdown2.o)
    0x08000202   0x00000000   Code   RO         1884    .ARM.Collect$$libshutdown$$0000000B  c_w.l(libshutdown2.o)
    0x08000202   0x00000000   Code   RO         1887    .ARM.Collect$$libshutdown$$0000000E  c_w.l(libshutdown2.o)
    0x08000202   0x00000002   Code   RO         1888    .ARM.Collect$$libshutdown$$0000000F  c_w.l(libshutdown2.o)
    0x08000204   0x00000000   Code   RO         1643    .ARM.Collect$$rtentry$$00000000  c_w.l(rtentry.o)
    0x08000204   0x00000000   Code   RO         1765    .ARM.Collect$$rtentry$$00000002  c_w.l(rtentry2.o)
    0x08000204   0x00000006   Code   RO         1777    .ARM.Collect$$rtentry$$00000004  c_w.l(rtentry4.o)
    0x0800020a   0x00000000   Code   RO         1767    .ARM.Collect$$rtentry$$00000009  c_w.l(rtentry2.o)
    0x0800020a   0x00000004   Code   RO         1768    .ARM.Collect$$rtentry$$0000000A  c_w.l(rtentry2.o)
    0x0800020e   0x00000000   Code   RO         1770    .ARM.Collect$$rtentry$$0000000C  c_w.l(rtentry2.o)
    0x0800020e   0x00000008   Code   RO         1771    .ARM.Collect$$rtentry$$0000000D  c_w.l(rtentry2.o)
    0x08000216   0x00000002   Code   RO         1895    .ARM.Collect$$rtexit$$00000000  c_w.l(rtexit.o)
    0x08000218   0x00000000   Code   RO         1928    .ARM.Collect$$rtexit$$00000002  c_w.l(rtexit2.o)
    0x08000218   0x00000004   Code   RO         1929    .ARM.Collect$$rtexit$$00000003  c_w.l(rtexit2.o)
    0x0800021c   0x00000006   Code   RO         1930    .ARM.Collect$$rtexit$$00000004  c_w.l(rtexit2.o)
    0x08000222   0x00000002   PAD
    0x08000224   0x00000000   Code   RO         1790    .emb_text           c_w.l(maybetermalloc1.o)
    0x08000224   0x00000040   Code   RO           20    .text               startup_stm32f10x_hd.o
    0x08000264   0x000000dc   Code   RO           24    .text               misc.o
    0x08000340   0x000005bc   Code   RO          137    .text               stm32f10x_flash.o
    0x080008fc   0x00000618   Code   RO          152    .text               stm32f10x_fsmc.o
    0x08000f14   0x00000358   Code   RO          167    .text               stm32f10x_gpio.o
    0x0800126c   0x000003a4   Code   RO          182    .text               stm32f10x_rcc.o
    0x08001610   0x00000408   Code   RO          214    .text               stm32f10x_usart.o
    0x08001a18   0x00000144   Code   RO          229    .text               stm32f10x_rtc.o
    0x08001b5c   0x000000c4   Code   RO          244    .text               stm32f10x_bkp.o
    0x08001c20   0x000000cc   Code   RO          259    .text               stm32f10x_pwr.o
    0x08001cec   0x000000ac   Code   RO          274    .text               stm32f10x_it.o
    0x08001d98   0x000001dc   Code   RO          359    .text               system_stm32f10x.o
    0x08001f74   0x00000050   Code   RO          377    .text               system_main.o
    0x08001fc4   0x00000014   Code   RO          452    .text               power_api.o
    0x08001fd8   0x00000088   Code   RO          470    .text               led_api.o
    0x08002060   0x0000004c   Code   RO          482    .text               beep_api.o
    0x080020ac   0x000000a8   Code   RO          494    .text               key_api.o
    0x08002154   0x00000174   Code   RO          506    .text               sram_api.o
    0x080022c8   0x00000104   Code   RO          520    .text               flash_inside_api.o
    0x080023cc   0x00000052   Code   RO          538    .text               flash_outside_api.o
    0x0800241e   0x00000002   PAD
    0x08002420   0x00000484   Code   RO          558    .text               flash_device_api.o
    0x080028a4   0x0000195c   Code   RO          599    .text               sdio_sdcard.o
    0x08004200   0x0000025c   Code   RO          624    .text               uart_api.o
    0x0800445c   0x000004c4   Code   RO          650    .text               lcd_api.o
    0x08004920   0x000023a4   Code   RO          675    .text               lcd_device_api.o
    0x08006cc4   0x00000fd8   Code   RO          707    .text               lcd_device_touch.o
    0x08007c9c   0x0000031c   Code   RO          743    .text               time_api.o
    0x08007fb8   0x00000424   Code   RO          762    .text               rtc_device_api.o
    0x080083dc   0x000000d0   Code   RO          800    .text               delay.o
    0x080084ac   0x000000ac   Code   RO          814    .text               sys.o
    0x08008558   0x00000172   Code   RO          826    .text               24cxx.o
    0x080086ca   0x00000002   PAD
    0x080086cc   0x00000278   Code   RO          838    .text               iic.o
    0x08008944   0x00000194   Code   RO          850    .text               kernel_notice.o
    0x08008ad8   0x0000024c   Code   RO          876    .text               kernel_ui_api.o
    0x08008d24   0x000000cc   Code   RO          916    .text               kernel_main.o
    0x08008df0   0x00000078   Code   RO          972    .text               thread_main.o
    0x08008e68   0x00000230   Code   RO          997    .text               malloc.o
    0x08009098   0x00000248   Code   RO         1019    .text               file_operate.o
    0x080092e0   0x00002f96   Code   RO         1045    .text               ff.o
    0x0800c276   0x00000122   Code   RO         1075    .text               diskio.o
    0x0800c398   0x000000b4   Code   RO         1091    .text               cc936.o
    0x0800c44c   0x00000190   Code   RO         1133    .text               exfuns.o
    0x0800c5dc   0x00000042   Code   RO         1153    .text               graphics_background.o
    0x0800c61e   0x000003b4   Code   RO         1186    .text               graphics_bitmap.o
    0x0800c9d2   0x00000002   PAD
    0x0800c9d4   0x00000090   Code   RO         1198    .text               graphics_font.o
    0x0800ca64   0x00000f9c   Code   RO         1218    .text               graphics_widget.o
    0x0800da00   0x000014c0   Code   RO         1237    .text               graphics_window.o
    0x0800eec0   0x00000154   Code   RO         1255    .text               kernel_expand_gsm.o
    0x0800f014   0x000000a4   Code   RO         1276    .text               system_desktop.o
    0x0800f0b8   0x000005e0   Code   RO         1297    .text               system_desktop_ui.o
    0x0800f698   0x0000007c   Code   RO         1321    .text               system_desktop_application_execute.o
    0x0800f714   0x0000198c   Code   RO         1336    .text               script_hoster.o
    0x080110a0   0x00000778   Code   RO         1367    .text               script_resolve.o
    0x08011818   0x00000b46   Code   RO         1379    .text               script_syntax.o
    0x0801235e   0x00000002   PAD
    0x08012360   0x00000780   Code   RO         1391    .text               telephone_ui.o
    0x08012ae0   0x00000d10   Code   RO         1413    .text               alarm_ui.o
    0x080137f0   0x0000005e   Code   RO         1437    .text               c_w.l(h1_alloc.o)
    0x0801384e   0x0000004e   Code   RO         1439    .text               c_w.l(h1_free.o)
    0x0801389c   0x00000048   Code   RO         1495    .text               c_w.l(llsdiv.o)
    0x080138e4   0x00000028   Code   RO         1503    .text               c_w.l(noretval__2sprintf.o)
    0x0801390c   0x00000052   Code   RO         1507    .text               c_w.l(_printf_pad.o)
    0x0801395e   0x00000052   Code   RO         1509    .text               c_w.l(_printf_str.o)
    0x080139b0   0x00000078   Code   RO         1511    .text               c_w.l(_printf_dec.o)
    0x08013a28   0x0000018c   Code   RO         1530    .text               c_w.l(__printf_flags_ss_wp.o)
    0x08013bb4   0x00000048   Code   RO         1537    .text               c_w.l(strcpy.o)
    0x08013bfc   0x0000003e   Code   RO         1539    .text               c_w.l(strlen.o)
    0x08013c3a   0x00000018   Code   RO         1541    .text               c_w.l(strcat.o)
    0x08013c52   0x0000008a   Code   RO         1543    .text               c_w.l(rt_memcpy_v6.o)
    0x08013cdc   0x00000064   Code   RO         1545    .text               c_w.l(rt_memcpy_w.o)
    0x08013d40   0x00000010   Code   RO         1547    .text               c_w.l(aeabi_memset.o)
    0x08013d50   0x00000044   Code   RO         1549    .text               c_w.l(rt_memclr.o)
    0x08013d94   0x0000004e   Code   RO         1551    .text               c_w.l(rt_memclr_w.o)
    0x08013de2   0x00000002   PAD
    0x08013de4   0x00000080   Code   RO         1553    .text               c_w.l(strcmpv7m.o)
    0x08013e64   0x00000006   Code   RO         1555    .text               c_w.l(heapauxi.o)
    0x08013e6a   0x00000002   PAD
    0x08013e6c   0x00000008   Code   RO         1647    .text               c_w.l(rt_heap_descriptor_intlibspace.o)
    0x08013e74   0x00000004   Code   RO         1649    .text               c_w.l(hguard.o)
    0x08013e78   0x0000008a   Code   RO         1651    .text               c_w.l(init_alloc.o)
    0x08013f02   0x0000000e   Code   RO         1655    .text               c_w.l(h1_init.o)
    0x08013f10   0x000000ee   Code   RO         1669    .text               c_w.l(lludivv7m.o)
    0x08013ffe   0x00000016   Code   RO         1671    .text               c_w.l(_rserrno.o)
    0x08014014   0x000000b8   Code   RO         1673    .text               c_w.l(_printf_intcommon.o)
    0x080140cc   0x00000030   Code   RO         1675    .text               c_w.l(_printf_char_common.o)
    0x080140fc   0x0000000a   Code   RO         1677    .text               c_w.l(_sputc.o)
    0x08014106   0x0000002c   Code   RO         1679    .text               c_w.l(_printf_char.o)
    0x08014132   0x00000002   PAD
    0x08014134   0x00000008   Code   RO         1761    .text               c_w.l(libspace.o)
    0x0801413c   0x00000008   Code   RO         1786    .text               c_w.l(rt_errno_addr_intlibspace.o)
    0x08014144   0x00000034   Code   RO         1792    .text               c_w.l(h1_extend.o)
    0x08014178   0x0000000e   Code   RO         1812    .text               c_w.l(defsig_rtmem_outer.o)
    0x08014186   0x00000002   Code   RO         1830    .text               c_w.l(use_no_semi.o)
    0x08014188   0x00000000   Code   RO         1832    .text               c_w.l(indicate_semi.o)
    0x08014188   0x0000004a   Code   RO         1833    .text               c_w.l(sys_stackheap_outer.o)
    0x080141d2   0x0000000c   Code   RO         1854    .text               c_w.l(exit.o)
    0x080141de   0x0000000a   Code   RO         1856    .text               c_w.l(defsig_exit.o)
    0x080141e8   0x00000050   Code   RO         1862    .text               c_w.l(defsig_rtmem_inner.o)
    0x08014238   0x0000000c   Code   RO         1893    .text               c_w.l(sys_exit.o)
    0x08014244   0x00000032   Code   RO         1913    .text               c_w.l(defsig_general.o)
    0x08014276   0x0000000e   Code   RO         1925    .text               c_w.l(sys_wrch.o)
    0x08014284   0x00000028   Code   RO         1754    i.__ARM_fpclassify  m_ws.l(fpclassify.o)
    0x080142ac   0x000000aa   Code   RO         1756    i.__kernel_poly     m_ws.l(poly.o)
    0x08014356   0x00000002   PAD
    0x08014358   0x00000010   Code   RO         1752    i.__mathlib_dbl_underflow  m_ws.l(dunder.o)
    0x08014368   0x0000000e   Code   RO         1523    i._is_digit         c_w.l(__printf_wp.o)
    0x08014376   0x00000002   PAD
    0x08014378   0x000009e0   Code   RO         1624    i.pow               m_ws.l(pow.o)
    0x08014d58   0x0000004c   Code   RO         1634    i.sqrt              m_ws.l(sqrt.o)
    0x08014da4   0x00000150   Code   RO         1559    x$fpl$dadd          fz_ws.l(daddsub_clz.o)
    0x08014ef4   0x00000010   Code   RO         1821    x$fpl$dcheck1       fz_ws.l(dcheck1.o)
    0x08014f04   0x00000018   Code   RO         1735    x$fpl$dcmpinf       fz_ws.l(dcmpi.o)
    0x08014f1c   0x000002b0   Code   RO         1566    x$fpl$ddiv          fz_ws.l(ddiv.o)
    0x080151cc   0x0000005e   Code   RO         1569    x$fpl$dfix          fz_ws.l(dfix.o)
    0x0801522a   0x00000002   PAD
    0x0801522c   0x0000005a   Code   RO         1573    x$fpl$dfixu         fz_ws.l(dfixu.o)
    0x08015286   0x0000002e   Code   RO         1578    x$fpl$dflt          fz_ws.l(dflt_clz.o)
    0x080152b4   0x00000026   Code   RO         1577    x$fpl$dfltu         fz_ws.l(dflt_clz.o)
    0x080152da   0x00000002   PAD
    0x080152dc   0x00000078   Code   RO         1583    x$fpl$dleqf         fz_ws.l(dleqf.o)
    0x08015354   0x00000154   Code   RO         1585    x$fpl$dmul          fz_ws.l(dmul.o)
    0x080154a8   0x0000009c   Code   RO         1737    x$fpl$dnaninf       fz_ws.l(dnaninf.o)
    0x08015544   0x0000000c   Code   RO         1739    x$fpl$dretinf       fz_ws.l(dretinf.o)
    0x08015550   0x0000006c   Code   RO         1587    x$fpl$drleqf        fz_ws.l(drleqf.o)
    0x080155bc   0x00000016   Code   RO         1560    x$fpl$drsb          fz_ws.l(daddsub_clz.o)
    0x080155d2   0x00000002   PAD
    0x080155d4   0x000001cc   Code   RO         1741    x$fpl$dsqrt         fz_ws.l(dsqrt_noumaal.o)
    0x080157a0   0x000001d4   Code   RO         1561    x$fpl$dsub          fz_ws.l(daddsub_clz.o)
    0x08015974   0x00000056   Code   RO         1589    x$fpl$f2d           fz_ws.l(f2d.o)
    0x080159ca   0x00000002   PAD
    0x080159cc   0x000000c4   Code   RO         1591    x$fpl$fadd          fz_ws.l(faddsub_clz.o)
    0x08015a90   0x00000018   Code   RO         1743    x$fpl$fcmpinf       fz_ws.l(fcmpi.o)
    0x08015aa8   0x00000184   Code   RO         1598    x$fpl$fdiv          fz_ws.l(fdiv.o)
    0x08015c2c   0x00000068   Code   RO         1601    x$fpl$feqf          fz_ws.l(feqf.o)
    0x08015c94   0x00000036   Code   RO         1603    x$fpl$ffix          fz_ws.l(ffix.o)
    0x08015cca   0x00000002   PAD
    0x08015ccc   0x0000003e   Code   RO         1607    x$fpl$ffixu         fz_ws.l(ffixu.o)
    0x08015d0a   0x00000002   PAD
    0x08015d0c   0x00000030   Code   RO         1612    x$fpl$fflt          fz_ws.l(fflt_clz.o)
    0x08015d3c   0x00000026   Code   RO         1611    x$fpl$ffltu         fz_ws.l(fflt_clz.o)
    0x08015d62   0x00000002   PAD
    0x08015d64   0x00000068   Code   RO         1617    x$fpl$fleqf         fz_ws.l(fleqf.o)
    0x08015dcc   0x00000102   Code   RO         1619    x$fpl$fmul          fz_ws.l(fmul.o)
    0x08015ece   0x0000008c   Code   RO         1745    x$fpl$fnaninf       fz_ws.l(fnaninf.o)
    0x08015f5a   0x0000000a   Code   RO         1747    x$fpl$fretinf       fz_ws.l(fretinf.o)
    0x08015f64   0x00000062   Code   RO         1621    x$fpl$frleqf        fz_ws.l(frleqf.o)
    0x08015fc6   0x00000002   PAD
    0x08015fc8   0x000000ea   Code   RO         1593    x$fpl$fsub          fz_ws.l(faddsub_clz.o)
    0x080160b2   0x00000064   Code   RO         1891    x$fpl$retnan        fz_ws.l(retnan.o)
    0x08016116   0x0000005c   Code   RO         1749    x$fpl$scalbn        fz_ws.l(scalbn.o)
    0x08016172   0x00000030   Code   RO         1923    x$fpl$trapveneer    fz_ws.l(trapv.o)
    0x080161a2   0x00000000   Code   RO         1751    x$fpl$usenofp       fz_ws.l(usenofp.o)
    0x080161a2   0x00000002   PAD
    0x080161a4   0x00000054   Data   RO          275    .constdata          stm32f10x_it.o
    0x080161f8   0x00000a64   Data   RO          677    .constdata          lcd_device_api.o
    0x08016c5c   0x00000018   Data   RO          764    .constdata          rtc_device_api.o
    0x08016c74   0x00007566   Data   RO          877    .constdata          kernel_ui_api.o
    0x0801e1da   0x00000002   PAD
    0x0801e1dc   0x00000079   Data   RO          917    .constdata          kernel_main.o
    0x0801e255   0x00000003   PAD
    0x0801e258   0x00000018   Data   RO         1001    .constdata          malloc.o
    0x0801e270   0x0000003a   Data   RO         1046    .constdata          ff.o
    0x0801e2aa   0x0002acc8   Data   RO         1092    .constdata          cc936.o
    0x08048f72   0x000012f6   Data   RO         1239    .constdata          graphics_window.o
    0x0804a268   0x0000eace   Data   RO         1299    .constdata          system_desktop_ui.o
    0x08058d36   0x00000011   Data   RO         1531    .constdata          c_w.l(__printf_flags_ss_wp.o)
    0x08058d47   0x00000001   PAD
    0x08058d48   0x00000088   Data   RO         1625    .constdata          m_ws.l(pow.o)
    0x08058dd0   0x00000008   Data   RO         1758    .constdata          m_ws.l(qnan.o)
    0x08058dd8   0x00000079   Data   RO          708    .conststring        lcd_device_touch.o
    0x08058e51   0x00000058   Data   RO         1135    .conststring        exfuns.o
    0x08058ea9   0x00000003   PAD
    0x08058eac   0x00000020   Data   RO         1963    Region$$Table       anon$$obj.o


    Execution Region RW_IRAM1 (Base: 0x20000000, Size: 0x0000e6d8, Max: 0x00010000, ABSOLUTE, COMPRESSED[0x000000c8])

    Base Addr    Size         Type   Attr      Idx    E Section Name        Object

    0x20000000   0x00000014   Data   RW          183    .data               stm32f10x_rcc.o
    0x20000014   0x00000014   Data   RW          360    .data               system_stm32f10x.o
    0x20000028   0x00000001   Data   RW          453    .data               power_api.o
    0x20000029   0x00000003   PAD
    0x2000002c   0x00000004   Data   RW          560    .data               flash_device_api.o
    0x20000030   0x0000000c   Data   RW          601    .data               sdio_sdcard.o
    0x2000003c   0x00000004   Data   RW          626    .data               uart_api.o
    0x20000040   0x00000344   Data   RW          651    .data               lcd_api.o
    0x20000384   0x00000004   Data   RW          678    .data               lcd_device_api.o
    0x20000388   0x00000030   Data   RW          709    .data               lcd_device_touch.o
    0x200003b8   0x00000006   Data   RW          765    .data               rtc_device_api.o
    0x200003be   0x00000004   Data   RW          801    .data               delay.o
    0x200003c2   0x00000002   PAD
    0x200003c4   0x0000000c   Data   RW          878    .data               kernel_ui_api.o
    0x200003d0   0x00000001   Data   RW          973    .data               thread_main.o
    0x200003d1   0x00000003   PAD
    0x200003d4   0x0000001c   Data   RW         1002    .data               malloc.o
    0x200003f0   0x0000000a   Data   RW         1047    .data               ff.o
    0x200003fa   0x00000002   PAD
    0x200003fc   0x00000154   Data   RW         1136    .data               exfuns.o
    0x20000550   0x00000020   Data   RW         1240    .data               graphics_window.o
    0x20000570   0x00000004   Data   RW         1277    .data               system_desktop.o
    0x20000574   0x00000004   Data   RW         1300    .data               system_desktop_ui.o
    0x20000578   0x00000018   Data   RW         1338    .data               script_hoster.o
    0x20000590   0x00000010   Data   RW         1393    .data               telephone_ui.o
    0x200005a0   0x00000048   Data   RW         1415    .data               alarm_ui.o
    0x200005e8   0x00000018   Zero   RW          507    .bss                sram_api.o
    0x20000600   0x00001000   Zero   RW          559    .bss                flash_device_api.o
    0x20001600   0x00000278   Zero   RW          600    .bss                sdio_sdcard.o
    0x20001878   0x00000100   Zero   RW          625    .bss                uart_api.o
    0x20001978   0x0000000a   Zero   RW          676    .bss                lcd_device_api.o
    0x20001982   0x00000002   PAD
    0x20001984   0x00000040   Zero   RW          744    .bss                time_api.o
    0x200019c4   0x0000000a   Zero   RW          763    .bss                rtc_device_api.o
    0x200019ce   0x00000002   PAD
    0x200019d0   0x000000a4   Zero   RW          851    .bss                kernel_notice.o
    0x20001a74   0x0000aa00   Zero   RW         1000    .bss                malloc.o
    0x2000c474   0x00001314   Zero   RW         1238    .bss                graphics_window.o
    0x2000d788   0x00000014   Zero   RW         1256    .bss                kernel_expand_gsm.o
    0x2000d79c   0x000000b0   Zero   RW         1298    .bss                system_desktop_ui.o
    0x2000d84c   0x00000804   Zero   RW         1337    .bss                script_hoster.o
    0x2000e050   0x00000014   Zero   RW         1392    .bss                telephone_ui.o
    0x2000e064   0x00000012   Zero   RW         1414    .bss                alarm_ui.o
    0x2000e076   0x00000002   PAD
    0x2000e078   0x00000060   Zero   RW         1762    .bss                c_w.l(libspace.o)
    0x2000e0d8   0x00000200   Zero   RW           18    HEAP                startup_stm32f10x_hd.o
    0x2000e2d8   0x00000400   Zero   RW           17    STACK               startup_stm32f10x_hd.o



  Load Region LR$$.ARM.__AT_0x68000000 (Base: 0x68000000, Size: 0x00000000, Max: 0x00032000, ABSOLUTE)

    Execution Region ER$$.ARM.__AT_0x68000000 (Base: 0x68000000, Size: 0x00032000, Max: 0x00032000, ABSOLUTE, UNINIT)

    Base Addr    Size         Type   Attr      Idx    E Section Name        Object

    0x68000000   0x00032000   Zero   RW          998    .ARM.__AT_0x68000000  malloc.o



  Load Region LR$$.ARM.__AT_0x68032000 (Base: 0x68032000, Size: 0x00000000, Max: 0x00003200, ABSOLUTE)

    Execution Region ER$$.ARM.__AT_0x68032000 (Base: 0x68032000, Size: 0x00003200, Max: 0x00003200, ABSOLUTE, UNINIT)

    Base Addr    Size         Type   Attr      Idx    E Section Name        Object

    0x68032000   0x00003200   Zero   RW          999    .ARM.__AT_0x68032000  malloc.o


==============================================================================

Image component sizes


      Code (inc. data)   RO Data    RW Data    ZI Data      Debug   Object Name

       370          0          0          0          0       2401   24cxx.o
      3344        544          0         72         18      10917   alarm_ui.o
        76          4          0          0          0        645   beep_api.o
       180         18     175304          0          0       2181   cc936.o
         0          0          0          0          0       4244   core_cm3.o
       208         18          0          4          0        891   delay.o
       290          0          0          0          0       2885   diskio.o
       400         22         88        340          0       2524   exfuns.o
     12182        120         58         10          0      35877   ff.o
       584         12          0          0          0       7601   file_operate.o
      1156         40          0          4       4096       5045   flash_device_api.o
       260          6          0          0          0       1694   flash_inside_api.o
        82          0          0          0          0       1497   flash_outside_api.o
        66          0          0          0          0       4379   graphics_background.o
       948          0          0          0          0       3651   graphics_bitmap.o
       144          6          0          0          0       1119   graphics_font.o
      3996         44          0          0          0       8561   graphics_widget.o
      5312        278       4854         32       4884      10273   graphics_window.o
       632         26          0          0          0       1800   iic.o
       340         86          0          0         20       2444   kernel_expand_gsm.o
       204         64        121          0          0       4758   kernel_main.o
       404          4          0          0        164       3363   kernel_notice.o
       588         30      30054         12          0       4941   kernel_ui_api.o
       168         16          0          0          0        704   key_api.o
      1220         54          0        836          0       6357   lcd_api.o
      9124        122       2660          4         10      15812   lcd_device_api.o
      4056        264        121         48          0       6353   lcd_device_touch.o
       136          8          0          0          0        931   led_api.o
       560         18         24         28     261120       4420   malloc.o
       220         20          0          0          0     215385   misc.o
        20          4          0          1          0        693   power_api.o
      1060         64         24          6         10       5245   rtc_device_api.o
      6540        222          0         24       2052      13915   script_hoster.o
      1912          8          0          0          0       7980   script_resolve.o
      2886         88          0          0          0       6418   script_syntax.o
      6492        248          0         12        632      21676   sdio_sdcard.o
       372         22          0          0         24       2831   sram_api.o
        64         26        304          0       1536        852   startup_stm32f10x_hd.o
       196          8          0          0          0       3468   stm32f10x_bkp.o
      1468         34          0          0          0      14462   stm32f10x_flash.o
      1560         54          0          0          0      13351   stm32f10x_fsmc.o
       856         40          0          0          0      14097   stm32f10x_gpio.o
       172        120         84          0          0      25959   stm32f10x_it.o
       204         16          0          0          0       1907   stm32f10x_pwr.o
       932         44          0         20          0      17620   stm32f10x_rcc.o
       324          4          0          0          0       2662   stm32f10x_rtc.o
      1032         22          0          0          0      14500   stm32f10x_usart.o
       172         18          0          0          0       1328   sys.o
       164        110          0          4          0        699   system_desktop.o
       124         14          0          0          0       2023   system_desktop_application_execute.o
      1504         94      60110          4        176       5579   system_desktop_ui.o
        80          0          0          0          0       2287   system_main.o
       476         36          0         20          0       1683   system_stm32f10x.o
      1920        224          0         16         20       7394   telephone_ui.o
       120          6          0          1          0        841   thread_main.o
       796         10          0          0         64       2394   time_api.o
       604         26          0          4        256       2654   uart_api.o

    ----------------------------------------------------------------------
     79308       3386     273846       1512     275088     568171   Object Totals
         0          0         32          0          0          0   (incl. Generated)
         8          0          8         10          6          0   (incl. Padding)

    ----------------------------------------------------------------------

      Code (inc. data)   RO Data    RW Data    ZI Data      Debug   Library Member Name

        90          0          0          0          0          0   __dczerorl2.o
         8          0          0          0          0         68   __main.o
       396          6         17          0          0         92   __printf_flags_ss_wp.o
        14          0          0          0          0         68   __printf_wp.o
        52          8          0          0          0          0   __scatter.o
        28          0          0          0          0          0   __scatter_zi.o
        44          0          0          0          0        108   _printf_char.o
        48          6          0          0          0         96   _printf_char_common.o
         6          0          0          0          0          0   _printf_d.o
       120         18          0          0          0         92   _printf_dec.o
       184          0          0          0          0         88   _printf_intcommon.o
        82          0          0          0          0        108   _printf_pad.o
         0          0          0          0          0          0   _printf_percent.o
         4          0          0          0          0          0   _printf_percent_end.o
         6          0          0          0          0          0   _printf_s.o
        82          0          0          0          0         80   _printf_str.o
        22          0          0          0          0        100   _rserrno.o
        10          0          0          0          0         68   _sputc.o
        16          0          0          0          0         68   aeabi_memset.o
        10          0          0          0          0         68   defsig_exit.o
        50          0          0          0          0         88   defsig_general.o
        80         58          0          0          0         76   defsig_rtmem_inner.o
        14          0          0          0          0         80   defsig_rtmem_outer.o
        12          0          0          0          0         72   exit.o
        94          0          0          0          0         80   h1_alloc.o
        52          0          0          0          0         68   h1_extend.o
        78          0          0          0          0         80   h1_free.o
        14          0          0          0          0         84   h1_init.o
         6          0          0          0          0        152   heapauxi.o
         4          0          0          0          0        136   hguard.o
         0          0          0          0          0          0   indicate_semi.o
       138          0          0          0          0        168   init_alloc.o
         2          0          0          0          0          0   libinit.o
        10          0          0          0          0          0   libinit2.o
         2          0          0          0          0          0   libshutdown.o
         2          0          0          0          0          0   libshutdown2.o
         8          4          0          0         96         68   libspace.o
        72          0          0          0          0         76   llsdiv.o
       238          0          0          0          0        100   lludivv7m.o
         0          0          0          0          0          0   maybetermalloc1.o
        40          6          0          0          0         84   noretval__2sprintf.o
         8          4          0          0          0         68   rt_errno_addr_intlibspace.o
         8          4          0          0          0         68   rt_heap_descriptor_intlibspace.o
        68          0          0          0          0         68   rt_memclr.o
        78          0          0          0          0         80   rt_memclr_w.o
       138          0          0          0          0         68   rt_memcpy_v6.o
       100          0          0          0          0         80   rt_memcpy_w.o
         0          0          0          0          0          0   rtentry.o
        12          0          0          0          0          0   rtentry2.o
         6          0          0          0          0          0   rtentry4.o
         2          0          0          0          0          0   rtexit.o
        10          0          0          0          0          0   rtexit2.o
        24          0          0          0          0         68   strcat.o
       128          0          0          0          0         68   strcmpv7m.o
        72          0          0          0          0         80   strcpy.o
        62          0          0          0          0         76   strlen.o
        12          4          0          0          0         68   sys_exit.o
        74          0          0          0          0         80   sys_stackheap_outer.o
        14          0          0          0          0         76   sys_wrch.o
         2          0          0          0          0         68   use_no_semi.o
       826         16          0          0          0        348   daddsub_clz.o
        16          4          0          0          0         68   dcheck1.o
        24          0          0          0          0         68   dcmpi.o
       688        140          0          0          0        208   ddiv.o
        94          4          0          0          0         92   dfix.o
        90          4          0          0          0         92   dfixu.o
        84          0          0          0          0        136   dflt_clz.o
       120          4          0          0          0         92   dleqf.o
       340         12          0          0          0        104   dmul.o
       156          4          0          0          0         92   dnaninf.o
        12          0          0          0          0         68   dretinf.o
       108          0          0          0          0         80   drleqf.o
       460         56          0          0          0        120   dsqrt_noumaal.o
        86          4          0          0          0         84   f2d.o
       430          8          0          0          0        168   faddsub_clz.o
        24          0          0          0          0         68   fcmpi.o
       388         76          0          0          0         96   fdiv.o
       104          4          0          0          0         84   feqf.o
        54          4          0          0          0         84   ffix.o
        62          4          0          0          0         84   ffixu.o
        86          0          0          0          0        136   fflt_clz.o
       104          4          0          0          0         84   fleqf.o
       258          4          0          0          0         84   fmul.o
       140          4          0          0          0         84   fnaninf.o
        10          0          0          0          0         68   fretinf.o
        98          0          0          0          0         68   frleqf.o
       100          0          0          0          0         68   retnan.o
        92          0          0          0          0         68   scalbn.o
        48          0          0          0          0         68   trapv.o
         0          0          0          0          0          0   usenofp.o
        16          6          0          0          0         68   dunder.o
        40          0          0          0          0         68   fpclassify.o
       170          0          0          0          0         96   poly.o
      2528        190        136          0          0        332   pow.o
         0          0          8          0          0          0   qnan.o
        76          0          0          0          0         84   sqrt.o

    ----------------------------------------------------------------------
     10920        670        162          0         96       7144   Library Totals
        32          0          1          0          0          0   (incl. Padding)

    ----------------------------------------------------------------------

      Code (inc. data)   RO Data    RW Data    ZI Data      Debug   Library Name

      2956        118         17          0         96       3532   c_w.l
      5102        356          0          0          0       2964   fz_ws.l
      2830        196        144          0          0        648   m_ws.l

    ----------------------------------------------------------------------
     10920        670        162          0         96       7144   Library Totals

    ----------------------------------------------------------------------

==============================================================================


      Code (inc. data)   RO Data    RW Data    ZI Data      Debug   

     90228       4056     274008       1512     275184     565955   Grand Totals
     90228       4056     274008        200     275184     565955   ELF Image Totals (compressed)
     90228       4056     274008        200          0          0   ROM Totals

==============================================================================

    Total RO  Size (Code + RO Data)               364236 ( 355.70kB)
    Total RW  Size (RW Data + ZI Data)            276696 ( 270.21kB)
    Total ROM Size (Code + RO Data + RW Data)     364436 ( 355.89kB)

==============================================================================

