<html>
<body>
<pre>
<h1>µVision Build Log</h1>
<h2>Project:</h2>
C:\Users\Administrator\Desktop\code_file\SmallSystem\small_system.uvproj
Project File Date:  03/29/2014

<h2>Output:</h2>
Build target 'Small System'
compiling core_cm3.c...
assembling startup_stm32f10x_hd.s...
compiling misc.c...
libraries\STM32F10x_StdPeriph_Driver\src\misc.c(24): error:  #5: cannot open source input file "misc.h": No such file or directory
compiling stm32f10x_exti.c...
libraries\STM32F10x_StdPeriph_Driver\src\stm32f10x_exti.c(23): error:  #5: cannot open source input file "stm32f10x_exti.h": No such file or directory
compiling stm32f10x_flash.c...
libraries\STM32F10x_StdPeriph_Driver\src\stm32f10x_flash.c(23): error:  #5: cannot open source input file "stm32f10x_flash.h": No such file or directory
compiling stm32f10x_fsmc.c...
libraries\STM32F10x_StdPeriph_Driver\src\stm32f10x_fsmc.c(23): error:  #5: cannot open source input file "stm32f10x_fsmc.h": No such file or directory
compiling stm32f10x_gpio.c...
libraries\STM32F10x_StdPeriph_Driver\src\stm32f10x_gpio.c(23): error:  #5: cannot open source input file "stm32f10x_gpio.h": No such file or directory
compiling stm32f10x_rcc.c...
libraries\STM32F10x_StdPeriph_Driver\src\stm32f10x_rcc.c(23): error:  #5: cannot open source input file "stm32f10x_rcc.h": No such file or directory
compiling stm32f10x_spi.c...
libraries\STM32F10x_StdPeriph_Driver\src\stm32f10x_spi.c(23): error:  #5: cannot open source input file "stm32f10x_spi.h": No such file or directory
compiling stm32f10x_it.c...
E:\Keil\ARM\Inc\ST\STM32F10x\stm32f10x.h(96): error:  #35: #error directive: "Please select first the target STM32F10x device used in your application (in stm32f10x.h file)"
compiling system_stm32f10x.c...
E:\Keil\ARM\Inc\ST\STM32F10x\stm32f10x.h(96): error:  #35: #error directive: "Please select first the target STM32F10x device used in your application (in stm32f10x.h file)"
compiling system_main.c...
hal\..//libraries//stm32f10x_conf.h(28): error:  #5: cannot open source input file "stm32f10x_adc.h": No such file or directory
compiling key_api.c...
hal\..//libraries//stm32f10x_conf.h(28): error:  #5: cannot open source input file "stm32f10x_adc.h": No such file or directory
compiling led_api.c...
hal\..//libraries//stm32f10x_conf.h(28): error:  #5: cannot open source input file "stm32f10x_adc.h": No such file or directory
".\small_system.axf" - 12 Errors, 0 Warning(s).
Target not created
Rebuild target 'Small System'
compiling core_cm3.c...
assembling startup_stm32f10x_hd.s...
compiling misc.c...
libraries\STM32F10x_StdPeriph_Driver\src\misc.c(24): error:  #5: cannot open source input file "misc.h": No such file or directory
compiling stm32f10x_exti.c...
libraries\STM32F10x_StdPeriph_Driver\src\stm32f10x_exti.c(23): error:  #5: cannot open source input file "stm32f10x_exti.h": No such file or directory
compiling stm32f10x_flash.c...
libraries\STM32F10x_StdPeriph_Driver\src\stm32f10x_flash.c(23): error:  #5: cannot open source input file "stm32f10x_flash.h": No such file or directory
compiling stm32f10x_fsmc.c...
libraries\STM32F10x_StdPeriph_Driver\src\stm32f10x_fsmc.c(23): error:  #5: cannot open source input file "stm32f10x_fsmc.h": No such file or directory
compiling stm32f10x_gpio.c...
libraries\STM32F10x_StdPeriph_Driver\src\stm32f10x_gpio.c(23): error:  #5: cannot open source input file "stm32f10x_gpio.h": No such file or directory
compiling stm32f10x_rcc.c...
libraries\STM32F10x_StdPeriph_Driver\src\stm32f10x_rcc.c(23): error:  #5: cannot open source input file "stm32f10x_rcc.h": No such file or directory
compiling stm32f10x_spi.c...
libraries\STM32F10x_StdPeriph_Driver\src\stm32f10x_spi.c(23): error:  #5: cannot open source input file "stm32f10x_spi.h": No such file or directory
compiling stm32f10x_it.c...
E:\Keil\ARM\Inc\ST\STM32F10x\stm32f10x.h(96): error:  #35: #error directive: "Please select first the target STM32F10x device used in your application (in stm32f10x.h file)"
compiling system_stm32f10x.c...
E:\Keil\ARM\Inc\ST\STM32F10x\stm32f10x.h(96): error:  #35: #error directive: "Please select first the target STM32F10x device used in your application (in stm32f10x.h file)"
compiling system_main.c...
hal\..//libraries//stm32f10x_conf.h(28): error:  #5: cannot open source input file "stm32f10x_adc.h": No such file or directory
compiling key_api.c...
hal\..//libraries//stm32f10x_conf.h(28): error:  #5: cannot open source input file "stm32f10x_adc.h": No such file or directory
compiling led_api.c...
hal\..//libraries//stm32f10x_conf.h(28): error:  #5: cannot open source input file "stm32f10x_adc.h": No such file or directory
".\small_system.axf" - 12 Errors, 0 Warning(s).
Target not created
Build target 'Small System'
assembling startup_stm32f10x_hd.s...
compiling misc.c...
libraries\STM32F10x_StdPeriph_Driver\src\misc.c(24): error:  #5: cannot open source input file "misc.h": No such file or directory
compiling stm32f10x_exti.c...
libraries\STM32F10x_StdPeriph_Driver\src\stm32f10x_exti.c(23): error:  #5: cannot open source input file "stm32f10x_exti.h": No such file or directory
compiling stm32f10x_flash.c...
libraries\STM32F10x_StdPeriph_Driver\src\stm32f10x_flash.c(23): error:  #5: cannot open source input file "stm32f10x_flash.h": No such file or directory
compiling stm32f10x_fsmc.c...
libraries\STM32F10x_StdPeriph_Driver\src\stm32f10x_fsmc.c(23): error:  #5: cannot open source input file "stm32f10x_fsmc.h": No such file or directory
compiling stm32f10x_gpio.c...
libraries\STM32F10x_StdPeriph_Driver\src\stm32f10x_gpio.c(23): error:  #5: cannot open source input file "stm32f10x_gpio.h": No such file or directory
compiling stm32f10x_rcc.c...
libraries\STM32F10x_StdPeriph_Driver\src\stm32f10x_rcc.c(23): error:  #5: cannot open source input file "stm32f10x_rcc.h": No such file or directory
compiling stm32f10x_spi.c...
libraries\STM32F10x_StdPeriph_Driver\src\stm32f10x_spi.c(23): error:  #5: cannot open source input file "stm32f10x_spi.h": No such file or directory
compiling stm32f10x_it.c...
E:\Keil\ARM\Inc\ST\STM32F10x\stm32f10x.h(96): error:  #35: #error directive: "Please select first the target STM32F10x device used in your application (in stm32f10x.h file)"
compiling system_stm32f10x.c...
E:\Keil\ARM\Inc\ST\STM32F10x\stm32f10x.h(96): error:  #35: #error directive: "Please select first the target STM32F10x device used in your application (in stm32f10x.h file)"
".\small_system.axf" - 9 Errors, 0 Warning(s).
Project build/rebuild aborted.
Build target 'Small System'
compiling core_cm3.c...
assembling startup_stm32f10x_hd.s...
compiling misc.c...
E:\Keil\ARM\Inc\ST\STM32F10x\stm32f10x.h(96): error:  #35: #error directive: "Please select first the target STM32F10x device used in your application (in stm32f10x.h file)"
compiling stm32f10x_exti.c...
E:\Keil\ARM\Inc\ST\STM32F10x\stm32f10x.h(96): error:  #35: #error directive: "Please select first the target STM32F10x device used in your application (in stm32f10x.h file)"
compiling stm32f10x_flash.c...
E:\Keil\ARM\Inc\ST\STM32F10x\stm32f10x.h(96): error:  #35: #error directive: "Please select first the target STM32F10x device used in your application (in stm32f10x.h file)"
compiling stm32f10x_fsmc.c...
E:\Keil\ARM\Inc\ST\STM32F10x\stm32f10x.h(96): error:  #35: #error directive: "Please select first the target STM32F10x device used in your application (in stm32f10x.h file)"
compiling stm32f10x_gpio.c...
E:\Keil\ARM\Inc\ST\STM32F10x\stm32f10x.h(96): error:  #35: #error directive: "Please select first the target STM32F10x device used in your application (in stm32f10x.h file)"
compiling stm32f10x_rcc.c...
E:\Keil\ARM\Inc\ST\STM32F10x\stm32f10x.h(96): error:  #35: #error directive: "Please select first the target STM32F10x device used in your application (in stm32f10x.h file)"
compiling stm32f10x_spi.c...
E:\Keil\ARM\Inc\ST\STM32F10x\stm32f10x.h(96): error:  #35: #error directive: "Please select first the target STM32F10x device used in your application (in stm32f10x.h file)"
compiling stm32f10x_it.c...
E:\Keil\ARM\Inc\ST\STM32F10x\stm32f10x.h(96): error:  #35: #error directive: "Please select first the target STM32F10x device used in your application (in stm32f10x.h file)"
compiling system_stm32f10x.c...
E:\Keil\ARM\Inc\ST\STM32F10x\stm32f10x.h(96): error:  #35: #error directive: "Please select first the target STM32F10x device used in your application (in stm32f10x.h file)"
compiling system_main.c...
E:\Keil\ARM\Inc\ST\STM32F10x\stm32f10x.h(96): error:  #35: #error directive: "Please select first the target STM32F10x device used in your application (in stm32f10x.h file)"
".\small_system.axf" - 10 Errors, 0 Warning(s).
Project build/rebuild aborted.
Build target 'Small System'
compiling misc.c...
E:\Keil\ARM\Inc\ST\STM32F10x\stm32f10x.h(96): error:  #35: #error directive: "Please select first the target STM32F10x device used in your application (in stm32f10x.h file)"
compiling stm32f10x_exti.c...
E:\Keil\ARM\Inc\ST\STM32F10x\stm32f10x.h(96): error:  #35: #error directive: "Please select first the target STM32F10x device used in your application (in stm32f10x.h file)"
compiling stm32f10x_flash.c...
E:\Keil\ARM\Inc\ST\STM32F10x\stm32f10x.h(96): error:  #35: #error directive: "Please select first the target STM32F10x device used in your application (in stm32f10x.h file)"
compiling stm32f10x_fsmc.c...
E:\Keil\ARM\Inc\ST\STM32F10x\stm32f10x.h(96): error:  #35: #error directive: "Please select first the target STM32F10x device used in your application (in stm32f10x.h file)"
compiling stm32f10x_gpio.c...
E:\Keil\ARM\Inc\ST\STM32F10x\stm32f10x.h(96): error:  #35: #error directive: "Please select first the target STM32F10x device used in your application (in stm32f10x.h file)"
compiling stm32f10x_rcc.c...
E:\Keil\ARM\Inc\ST\STM32F10x\stm32f10x.h(96): error:  #35: #error directive: "Please select first the target STM32F10x device used in your application (in stm32f10x.h file)"
compiling stm32f10x_spi.c...
E:\Keil\ARM\Inc\ST\STM32F10x\stm32f10x.h(96): error:  #35: #error directive: "Please select first the target STM32F10x device used in your application (in stm32f10x.h file)"
compiling stm32f10x_it.c...
E:\Keil\ARM\Inc\ST\STM32F10x\stm32f10x.h(96): error:  #35: #error directive: "Please select first the target STM32F10x device used in your application (in stm32f10x.h file)"
compiling system_stm32f10x.c...
E:\Keil\ARM\Inc\ST\STM32F10x\stm32f10x.h(96): error:  #35: #error directive: "Please select first the target STM32F10x device used in your application (in stm32f10x.h file)"
compiling system_main.c...
hal\system_type.h(5): error:  #5: cannot open source input file "..//libraries//stm32f10x.h": No such file or directory
".\small_system.axf" - 10 Errors, 0 Warning(s).
Project build/rebuild aborted.
Build target 'Small System'
compiling misc.c...
E:\Keil\ARM\Inc\ST\STM32F10x\stm32f10x.h(96): error:  #35: #error directive: "Please select first the target STM32F10x device used in your application (in stm32f10x.h file)"
compiling stm32f10x_exti.c...
E:\Keil\ARM\Inc\ST\STM32F10x\stm32f10x.h(96): error:  #35: #error directive: "Please select first the target STM32F10x device used in your application (in stm32f10x.h file)"
compiling stm32f10x_flash.c...
E:\Keil\ARM\Inc\ST\STM32F10x\stm32f10x.h(96): error:  #35: #error directive: "Please select first the target STM32F10x device used in your application (in stm32f10x.h file)"
compiling stm32f10x_fsmc.c...
E:\Keil\ARM\Inc\ST\STM32F10x\stm32f10x.h(96): error:  #35: #error directive: "Please select first the target STM32F10x device used in your application (in stm32f10x.h file)"
compiling stm32f10x_gpio.c...
E:\Keil\ARM\Inc\ST\STM32F10x\stm32f10x.h(96): error:  #35: #error directive: "Please select first the target STM32F10x device used in your application (in stm32f10x.h file)"
compiling stm32f10x_rcc.c...
E:\Keil\ARM\Inc\ST\STM32F10x\stm32f10x.h(96): error:  #35: #error directive: "Please select first the target STM32F10x device used in your application (in stm32f10x.h file)"
compiling stm32f10x_spi.c...
E:\Keil\ARM\Inc\ST\STM32F10x\stm32f10x.h(96): error:  #35: #error directive: "Please select first the target STM32F10x device used in your application (in stm32f10x.h file)"
compiling stm32f10x_it.c...
E:\Keil\ARM\Inc\ST\STM32F10x\stm32f10x.h(96): error:  #35: #error directive: "Please select first the target STM32F10x device used in your application (in stm32f10x.h file)"
compiling system_stm32f10x.c...
E:\Keil\ARM\Inc\ST\STM32F10x\stm32f10x.h(96): error:  #35: #error directive: "Please select first the target STM32F10x device used in your application (in stm32f10x.h file)"
compiling system_main.c...
E:\Keil\ARM\Inc\ST\STM32F10x\stm32f10x.h(96): error:  #35: #error directive: "Please select first the target STM32F10x device used in your application (in stm32f10x.h file)"
compiling key_api.c...
E:\Keil\ARM\Inc\ST\STM32F10x\stm32f10x.h(96): error:  #35: #error directive: "Please select first the target STM32F10x device used in your application (in stm32f10x.h file)"
".\small_system.axf" - 11 Errors, 0 Warning(s).
Project build/rebuild aborted.
Build target 'Small System'
compiling misc.c...
E:\Keil\ARM\Inc\ST\STM32F10x\stm32f10x.h(96): error:  #35: #error directive: "Please select first the target STM32F10x device used in your application (in stm32f10x.h file)"
compiling stm32f10x_exti.c...
E:\Keil\ARM\Inc\ST\STM32F10x\stm32f10x.h(96): error:  #35: #error directive: "Please select first the target STM32F10x device used in your application (in stm32f10x.h file)"
compiling stm32f10x_flash.c...
E:\Keil\ARM\Inc\ST\STM32F10x\stm32f10x.h(96): error:  #35: #error directive: "Please select first the target STM32F10x device used in your application (in stm32f10x.h file)"
compiling stm32f10x_fsmc.c...
E:\Keil\ARM\Inc\ST\STM32F10x\stm32f10x.h(96): error:  #35: #error directive: "Please select first the target STM32F10x device used in your application (in stm32f10x.h file)"
compiling stm32f10x_gpio.c...
E:\Keil\ARM\Inc\ST\STM32F10x\stm32f10x.h(96): error:  #35: #error directive: "Please select first the target STM32F10x device used in your application (in stm32f10x.h file)"
compiling stm32f10x_rcc.c...
E:\Keil\ARM\Inc\ST\STM32F10x\stm32f10x.h(96): error:  #35: #error directive: "Please select first the target STM32F10x device used in your application (in stm32f10x.h file)"
compiling stm32f10x_spi.c...
E:\Keil\ARM\Inc\ST\STM32F10x\stm32f10x.h(96): error:  #35: #error directive: "Please select first the target STM32F10x device used in your application (in stm32f10x.h file)"
compiling stm32f10x_it.c...
E:\Keil\ARM\Inc\ST\STM32F10x\stm32f10x.h(96): error:  #35: #error directive: "Please select first the target STM32F10x device used in your application (in stm32f10x.h file)"
".\small_system.axf" - 8 Errors, 0 Warning(s).
Project build/rebuild aborted.
Build target 'Small System'
compiling core_cm3.c...
compiling misc.c...
E:\Keil\ARM\Inc\ST\STM32F10x\stm32f10x.h(8297): error:  #5: cannot open source input file "stm32f10x_conf.h": No such file or directory
compiling stm32f10x_exti.c...
E:\Keil\ARM\Inc\ST\STM32F10x\stm32f10x.h(8297): error:  #5: cannot open source input file "stm32f10x_conf.h": No such file or directory
compiling stm32f10x_flash.c...
E:\Keil\ARM\Inc\ST\STM32F10x\stm32f10x.h(8297): error:  #5: cannot open source input file "stm32f10x_conf.h": No such file or directory
compiling stm32f10x_fsmc.c...
E:\Keil\ARM\Inc\ST\STM32F10x\stm32f10x.h(8297): error:  #5: cannot open source input file "stm32f10x_conf.h": No such file or directory
compiling stm32f10x_gpio.c...
E:\Keil\ARM\Inc\ST\STM32F10x\stm32f10x.h(8297): error:  #5: cannot open source input file "stm32f10x_conf.h": No such file or directory
compiling stm32f10x_rcc.c...
E:\Keil\ARM\Inc\ST\STM32F10x\stm32f10x.h(8297): error:  #5: cannot open source input file "stm32f10x_conf.h": No such file or directory
compiling stm32f10x_spi.c...
E:\Keil\ARM\Inc\ST\STM32F10x\stm32f10x.h(8297): error:  #5: cannot open source input file "stm32f10x_conf.h": No such file or directory
compiling stm32f10x_it.c...
E:\Keil\ARM\Inc\ST\STM32F10x\stm32f10x.h(8297): error:  #5: cannot open source input file "stm32f10x_conf.h": No such file or directory
compiling system_stm32f10x.c...
E:\Keil\ARM\Inc\ST\STM32F10x\stm32f10x.h(8297): error:  #5: cannot open source input file "stm32f10x_conf.h": No such file or directory
compiling system_main.c...
E:\Keil\ARM\Inc\ST\STM32F10x\stm32f10x.h(8297): error:  #5: cannot open source input file "stm32f10x_conf.h": No such file or directory
compiling key_api.c...
E:\Keil\ARM\Inc\ST\STM32F10x\stm32f10x.h(8297): error:  #5: cannot open source input file "stm32f10x_conf.h": No such file or directory
".\small_system.axf" - 11 Errors, 0 Warning(s).
Project build/rebuild aborted.
Build target 'Small System'
compiling core_cm3.c...
compiling misc.c...
compiling stm32f10x_exti.c...
compiling stm32f10x_flash.c...
compiling stm32f10x_fsmc.c...
compiling stm32f10x_gpio.c...
compiling stm32f10x_rcc.c...
compiling stm32f10x_spi.c...
compiling stm32f10x_it.c...
compiling system_stm32f10x.c...
compiling system_main.c...
hal\system_main.c(4): warning:  #951-D: return type of function "main" must be "int"
hal\system_main.c(5): warning:  #1-D: last line of file ends without a newline
compiling key_api.c...
hal\key_api.c(30): warning:  #1-D: last line of file ends without a newline
compiling led_api.c...
hal\led_api.c(71): error:  #29: expected an expression
hal\led_api.c(71): error:  #59: function call is not allowed in a constant expression
hal\led_api.c(71): error:  #18: expected a ")"
hal\led_api.c(71): error:  #29: expected an expression
hal\led_api.c(71): error:  #59: function call is not allowed in a constant expression
hal\led_api.c(71): error:  #18: expected a ")"
hal\led_api.c(76): error:  #29: expected an expression
hal\led_api.c(76): error:  #59: function call is not allowed in a constant expression
hal\led_api.c(76): error:  #18: expected a ")"
hal\led_api.c(76): error:  #29: expected an expression
hal\led_api.c(76): error:  #59: function call is not allowed in a constant expression
hal\led_api.c(76): error:  #18: expected a ")"
hal\led_api.c(80): error:  #29: expected an expression
".\small_system.axf" - 13 Errors, 3 Warning(s).
Target not created
Build target 'Small System'
compiling misc.c...
compiling stm32f10x_exti.c...
compiling stm32f10x_flash.c...
compiling stm32f10x_fsmc.c...
compiling stm32f10x_gpio.c...
compiling stm32f10x_rcc.c...
compiling stm32f10x_spi.c...
compiling stm32f10x_it.c...
compiling system_stm32f10x.c...
compiling system_main.c...
compiling key_api.c...
compiling led_api.c...
hal\led_api.c(64): error:  #29: expected an expression
hal\led_api.c(64): error:  #59: function call is not allowed in a constant expression
hal\led_api.c(64): error:  #18: expected a ")"
hal\led_api.c(64): error:  #29: expected an expression
hal\led_api.c(64): error:  #59: function call is not allowed in a constant expression
hal\led_api.c(64): error:  #18: expected a ")"
hal\led_api.c(70): error:  #29: expected an expression
hal\led_api.c(70): error:  #59: function call is not allowed in a constant expression
hal\led_api.c(70): error:  #18: expected a ")"
hal\led_api.c(70): error:  #29: expected an expression
hal\led_api.c(70): error:  #59: function call is not allowed in a constant expression
hal\led_api.c(70): error:  #18: expected a ")"
".\small_system.axf" - 12 Errors, 0 Warning(s).
Target not created
Build target 'Small System'
compiling system_main.c...
compiling key_api.c...
compiling led_api.c...
hal\led_api.c(67): error:  #268: declaration may not appear after executable statement in block
".\small_system.axf" - 1 Errors, 0 Warning(s).
Target not created
Build target 'Small System'
compiling system_main.c...
compiling led_api.c...
linking...
Program Size: Code=844 RO-data=336 RW-data=20 ZI-data=1636  
".\small_system.axf" - 0 Errors, 0 Warning(s).
Build target 'Small System'
compiling system_main.c...
hal\system_main.c(17): warning:  #223-D: function "led_work_off" declared implicitly
compiling key_api.c...
hal\key_api.c(130): error:  #167: argument of type "GPIO_TypeDef *" is incompatible with parameter of type "uint8_t"
hal\key_api.c(131): error:  #167: argument of type "GPIO_TypeDef *" is incompatible with parameter of type "uint8_t"
hal\key_api.c(132): error:  #167: argument of type "GPIO_TypeDef *" is incompatible with parameter of type "uint8_t"
hal\key_api.c(133): error:  #167: argument of type "GPIO_TypeDef *" is incompatible with parameter of type "uint8_t"
hal\key_api.c(137): error:  #18: expected a ")"
hal\key_api.c(150): error:  #18: expected a ")"
hal\key_api.c(163): error:  #18: expected a ")"
hal\key_api.c(176): error:  #18: expected a ")"
hal\key_api.c(188): warning:  #1-D: last line of file ends without a newline
compiling led_api.c...
".\small_system.axf" - 8 Errors, 2 Warning(s).
Target not created
Clean started: Project: 'small_system'
   deleting intermediate output files for target 'Small System'
Clean started: Project: 'small_system'
   deleting intermediate output files for target 'Small System'
Build target 'Small System'
compiling core_cm3.c...
assembling startup_stm32f10x_hd.s...
compiling misc.c...
compiling stm32f10x_exti.c...
compiling stm32f10x_flash.c...
compiling stm32f10x_fsmc.c...
compiling stm32f10x_gpio.c...
compiling stm32f10x_rcc.c...
compiling stm32f10x_spi.c...
compiling stm32f10x_it.c...
compiling system_stm32f10x.c...
compiling system_main.c...
compiling key_api.c...
hal\key_api.c(185): warning:  #1-D: last line of file ends without a newline
compiling led_api.c...
linking...
Program Size: Code=4136 RO-data=336 RW-data=40 ZI-data=1672  
FromELF: creating hex file...
".\output\small_system.axf" - 0 Errors, 1 Warning(s).
Build target 'Small System'
compiling core_cm3.c...
assembling startup_stm32f10x_hd.s...
compiling misc.c...
compiling stm32f10x_exti.c...
compiling stm32f10x_flash.c...
compiling stm32f10x_fsmc.c...
compiling stm32f10x_gpio.c...
compiling stm32f10x_rcc.c...
compiling stm32f10x_spi.c...
compiling stm32f10x_it.c...
compiling system_stm32f10x.c...
compiling system_main.c...
compiling key_api.c...
compiling led_api.c...
linking...
Program Size: Code=4112 RO-data=336 RW-data=40 ZI-data=1672  
FromELF: creating hex file...
".\output\small_system.axf" - 0 Errors, 0 Warning(s).
Build target 'Small System'
compiling system_main.c...
compiling key_api.c...
linking...
Program Size: Code=4112 RO-data=336 RW-data=40 ZI-data=1672  
FromELF: creating hex file...
".\output\small_system.axf" - 0 Errors, 0 Warning(s).
Build target 'Small System'
compiling system_main.c...
compiling key_api.c...
linking...
Program Size: Code=4112 RO-data=336 RW-data=40 ZI-data=1672  
FromELF: creating hex file...
".\output\small_system.axf" - 0 Errors, 0 Warning(s).
Build target 'Small System'
compiling key_api.c...
linking...
Program Size: Code=4112 RO-data=336 RW-data=40 ZI-data=1672  
FromELF: creating hex file...
".\output\small_system.axf" - 0 Errors, 0 Warning(s).
Build target 'Small System'
compiling key_api.c...
linking...
Program Size: Code=4112 RO-data=336 RW-data=40 ZI-data=1672  
FromELF: creating hex file...
".\output\small_system.axf" - 0 Errors, 0 Warning(s).
Build target 'Small System'
compiling key_api.c...
linking...
Program Size: Code=4112 RO-data=336 RW-data=40 ZI-data=1672  
FromELF: creating hex file...
".\output\small_system.axf" - 0 Errors, 0 Warning(s).
Build target 'Small System'
compiling system_main.c...
linking...
Program Size: Code=4136 RO-data=336 RW-data=40 ZI-data=1672  
FromELF: creating hex file...
".\output\small_system.axf" - 0 Errors, 0 Warning(s).
Build target 'Small System'
compiling system_main.c...
hal\system_main.c(17): error:  #165: too few arguments in function call
compiling key_api.c...
".\output\small_system.axf" - 1 Errors, 0 Warning(s).
Target not created
Build target 'Small System'
compiling system_main.c...
linking...
Program Size: Code=4172 RO-data=336 RW-data=40 ZI-data=1672  
FromELF: creating hex file...
".\output\small_system.axf" - 0 Errors, 0 Warning(s).
Build target 'Small System'
compiling system_main.c...
linking...
Program Size: Code=4172 RO-data=336 RW-data=40 ZI-data=1672  
FromELF: creating hex file...
".\output\small_system.axf" - 0 Errors, 0 Warning(s).
Build target 'Small System'
compiling system_main.c...
linking...
Program Size: Code=4144 RO-data=336 RW-data=40 ZI-data=1672  
FromELF: creating hex file...
".\output\small_system.axf" - 0 Errors, 0 Warning(s).
Build target 'Small System'
compiling system_main.c...
linking...
Program Size: Code=4144 RO-data=336 RW-data=40 ZI-data=1672  
FromELF: creating hex file...
".\output\small_system.axf" - 0 Errors, 0 Warning(s).
Build target 'Small System'
compiling system_main.c...
linking...
Program Size: Code=4132 RO-data=336 RW-data=40 ZI-data=1672  
FromELF: creating hex file...
".\output\small_system.axf" - 0 Errors, 0 Warning(s).
Build target 'Small System'
compiling system_main.c...
linking...
Program Size: Code=4144 RO-data=336 RW-data=40 ZI-data=1672  
FromELF: creating hex file...
".\output\small_system.axf" - 0 Errors, 0 Warning(s).
Build target 'Small System'
compiling system_main.c...
linking...
Program Size: Code=4132 RO-data=336 RW-data=40 ZI-data=1672  
FromELF: creating hex file...
".\output\small_system.axf" - 0 Errors, 0 Warning(s).
Build target 'Small System'
compiling system_main.c...
compiling led_api.c...
linking...
Program Size: Code=4144 RO-data=336 RW-data=40 ZI-data=1672  
FromELF: creating hex file...
".\output\small_system.axf" - 0 Errors, 0 Warning(s).
Build target 'Small System'
compiling system_main.c...
linking...
Program Size: Code=4132 RO-data=336 RW-data=40 ZI-data=1672  
FromELF: creating hex file...
".\output\small_system.axf" - 0 Errors, 0 Warning(s).
Build target 'Small System'
compiling system_main.c...
linking...
Program Size: Code=4152 RO-data=336 RW-data=40 ZI-data=1672  
FromELF: creating hex file...
".\output\small_system.axf" - 0 Errors, 0 Warning(s).
Build target 'Small System'
compiling key_api.c...
linking...
Program Size: Code=4152 RO-data=336 RW-data=40 ZI-data=1672  
FromELF: creating hex file...
".\output\small_system.axf" - 0 Errors, 0 Warning(s).
Build target 'Small System'
compiling system_main.c...
linking...
Program Size: Code=4152 RO-data=336 RW-data=40 ZI-data=1672  
FromELF: creating hex file...
".\output\small_system.axf" - 0 Errors, 0 Warning(s).
Build target 'Small System'
compiling system_main.c...
linking...
Program Size: Code=4160 RO-data=336 RW-data=40 ZI-data=1672  
FromELF: creating hex file...
".\output\small_system.axf" - 0 Errors, 0 Warning(s).
Build target 'Small System'
compiling system_main.c...
linking...
Program Size: Code=4160 RO-data=336 RW-data=40 ZI-data=1672  
FromELF: creating hex file...
".\output\small_system.axf" - 0 Errors, 0 Warning(s).
Build target 'Small System'
compiling system_main.c...
linking...
Program Size: Code=4160 RO-data=336 RW-data=40 ZI-data=1672  
FromELF: creating hex file...
".\output\small_system.axf" - 0 Errors, 0 Warning(s).
Build target 'Small System'
compiling key_api.c...
linking...
Program Size: Code=4164 RO-data=336 RW-data=40 ZI-data=1672  
FromELF: creating hex file...
".\output\small_system.axf" - 0 Errors, 0 Warning(s).
Build target 'Small System'
compiling key_api.c...
linking...
Program Size: Code=4152 RO-data=336 RW-data=40 ZI-data=1672  
FromELF: creating hex file...
".\output\small_system.axf" - 0 Errors, 0 Warning(s).
Build target 'Small System'
compiling key_api.c...
linking...
Program Size: Code=4196 RO-data=336 RW-data=40 ZI-data=1672  
FromELF: creating hex file...
".\output\small_system.axf" - 0 Errors, 0 Warning(s).
Build target 'Small System'
compiling key_api.c...
linking...
Program Size: Code=4192 RO-data=336 RW-data=40 ZI-data=1672  
FromELF: creating hex file...
".\output\small_system.axf" - 0 Errors, 0 Warning(s).
Build target 'Small System'
compiling key_api.c...
linking...
Program Size: Code=4188 RO-data=336 RW-data=40 ZI-data=1672  
FromELF: creating hex file...
".\output\small_system.axf" - 0 Errors, 0 Warning(s).
Build target 'Small System'
compiling key_api.c...
linking...
Program Size: Code=4188 RO-data=336 RW-data=40 ZI-data=1672  
FromELF: creating hex file...
".\output\small_system.axf" - 0 Errors, 0 Warning(s).
Build target 'Small System'
compiling key_api.c...
linking...
Program Size: Code=4188 RO-data=336 RW-data=40 ZI-data=1672  
FromELF: creating hex file...
".\output\small_system.axf" - 0 Errors, 0 Warning(s).
Build target 'Small System'
compiling key_api.c...
linking...
Program Size: Code=4176 RO-data=336 RW-data=40 ZI-data=1672  
FromELF: creating hex file...
".\output\small_system.axf" - 0 Errors, 0 Warning(s).
Build target 'Small System'
compiling key_api.c...
linking...
Program Size: Code=4188 RO-data=336 RW-data=40 ZI-data=1672  
FromELF: creating hex file...
".\output\small_system.axf" - 0 Errors, 0 Warning(s).
Build target 'Small System'
compiling key_api.c...
hal\key_api.c(51): warning:  #177-D: variable "key_index" was declared but never referenced
hal\key_api.c(80): warning:  #177-D: variable "key_index" was declared but never referenced
hal\key_api.c(171): warning:  #177-D: variable "key_index" was declared but never referenced
hal\key_api.c(182): warning:  #177-D: variable "key_index" was declared but never referenced
hal\key_api.c(193): warning:  #177-D: variable "key_index" was declared but never referenced
hal\key_api.c(204): warning:  #177-D: variable "key_index" was declared but never referenced
linking...
Program Size: Code=4248 RO-data=336 RW-data=40 ZI-data=1672  
FromELF: creating hex file...
".\output\small_system.axf" - 0 Errors, 6 Warning(s).
Build target 'Small System'
compiling key_api.c...
linking...
Program Size: Code=4232 RO-data=336 RW-data=40 ZI-data=1672  
FromELF: creating hex file...
".\output\small_system.axf" - 0 Errors, 0 Warning(s).
Rebuild target 'Small System'
compiling core_cm3.c...
assembling startup_stm32f10x_hd.s...
compiling misc.c...
".\output\small_system.axf" - 0 Errors, 0 Warning(s).
Project build/rebuild aborted.
Build target 'Small System'
compiling key_api.c...
linking...
Program Size: Code=4232 RO-data=336 RW-data=40 ZI-data=1672  
FromELF: creating hex file...
".\output\small_system.axf" - 0 Errors, 0 Warning(s).
Build target 'Small System'
compiling key_api.c...
linking...
Program Size: Code=4124 RO-data=336 RW-data=40 ZI-data=1672  
FromELF: creating hex file...
".\output\small_system.axf" - 0 Errors, 0 Warning(s).
Build target 'Small System'
compiling key_api.c...
linking...
Program Size: Code=4236 RO-data=336 RW-data=40 ZI-data=1672  
FromELF: creating hex file...
".\output\small_system.axf" - 0 Errors, 0 Warning(s).
Build target 'Small System'
compiling key_api.c...
linking...
Program Size: Code=4204 RO-data=336 RW-data=40 ZI-data=1672  
FromELF: creating hex file...
".\output\small_system.axf" - 0 Errors, 0 Warning(s).
Build target 'Small System'
compiling system_main.c...
compiling key_api.c...
linking...
Program Size: Code=3772 RO-data=336 RW-data=40 ZI-data=1632  
FromELF: creating hex file...
".\output\small_system.axf" - 0 Errors, 0 Warning(s).
Build target 'Small System'
compiling system_main.c...
linking...
Program Size: Code=3772 RO-data=336 RW-data=40 ZI-data=1632  
FromELF: creating hex file...
".\output\small_system.axf" - 0 Errors, 0 Warning(s).
Build target 'Small System'
compiling system_main.c...
linking...
Program Size: Code=3772 RO-data=336 RW-data=40 ZI-data=1632  
FromELF: creating hex file...
".\output\small_system.axf" - 0 Errors, 0 Warning(s).
Build target 'Small System'
compiling key_api.c...
linking...
Program Size: Code=3768 RO-data=336 RW-data=40 ZI-data=1632  
FromELF: creating hex file...
".\output\small_system.axf" - 0 Errors, 0 Warning(s).
Build target 'Small System'
compiling key_api.c...
linking...
Program Size: Code=3756 RO-data=336 RW-data=40 ZI-data=1632  
FromELF: creating hex file...
".\output\small_system.axf" - 0 Errors, 0 Warning(s).
Build target 'Small System'
compiling key_api.c...
linking...
Program Size: Code=3768 RO-data=336 RW-data=40 ZI-data=1632  
FromELF: creating hex file...
".\output\small_system.axf" - 0 Errors, 0 Warning(s).
Build target 'Small System'
compiling key_api.c...
linking...
Program Size: Code=3744 RO-data=336 RW-data=40 ZI-data=1632  
FromELF: creating hex file...
".\output\small_system.axf" - 0 Errors, 0 Warning(s).
Build target 'Small System'
compiling key_api.c...
linking...
Program Size: Code=3744 RO-data=336 RW-data=40 ZI-data=1632  
FromELF: creating hex file...
".\output\small_system.axf" - 0 Errors, 0 Warning(s).
Build target 'Small System'
compiling system_main.c...
linking...
Program Size: Code=3744 RO-data=336 RW-data=40 ZI-data=1632  
FromELF: creating hex file...
".\output\small_system.axf" - 0 Errors, 0 Warning(s).
Build target 'Small System'
compiling key_api.c...
linking...
Program Size: Code=3768 RO-data=336 RW-data=40 ZI-data=1632  
FromELF: creating hex file...
".\output\small_system.axf" - 0 Errors, 0 Warning(s).
Build target 'Small System'
compiling system_main.c...
linking...
Program Size: Code=3768 RO-data=336 RW-data=40 ZI-data=1632  
FromELF: creating hex file...
".\output\small_system.axf" - 0 Errors, 0 Warning(s).
Rebuild target 'Small System'
compiling core_cm3.c...
assembling startup_stm32f10x_hd.s...
compiling misc.c...
compiling stm32f10x_exti.c...
compiling stm32f10x_flash.c...
compiling stm32f10x_fsmc.c...
compiling stm32f10x_gpio.c...
compiling stm32f10x_rcc.c...
compiling stm32f10x_spi.c...
compiling stm32f10x_it.c...
compiling system_stm32f10x.c...
compiling system_main.c...
compiling key_api.c...
compiling led_api.c...
linking...
Program Size: Code=3768 RO-data=336 RW-data=40 ZI-data=1632  
FromELF: creating hex file...
".\output\small_system.axf" - 0 Errors, 0 Warning(s).
Build target 'Small System'
compiling system_main.c...
compiling key_api.c...
linking...
Program Size: Code=3768 RO-data=336 RW-data=40 ZI-data=1632  
FromELF: creating hex file...
".\output\small_system.axf" - 0 Errors, 0 Warning(s).
Build target 'Small System'
compiling system_main.c...
linking...
Program Size: Code=3768 RO-data=336 RW-data=40 ZI-data=1632  
FromELF: creating hex file...
".\output\small_system.axf" - 0 Errors, 0 Warning(s).
Build target 'Small System'
compiling key_api.c...
linking...
Program Size: Code=3768 RO-data=336 RW-data=40 ZI-data=1632  
FromELF: creating hex file...
".\output\small_system.axf" - 0 Errors, 0 Warning(s).
Build target 'Small System'
compiling system_main.c...
linking...
Program Size: Code=3768 RO-data=336 RW-data=40 ZI-data=1632  
FromELF: creating hex file...
".\output\small_system.axf" - 0 Errors, 0 Warning(s).
Build target 'Small System'
compiling key_api.c...
linking...
Program Size: Code=3628 RO-data=336 RW-data=40 ZI-data=1632  
FromELF: creating hex file...
".\output\small_system.axf" - 0 Errors, 0 Warning(s).
Build target 'Small System'
compiling key_api.c...
linking...
Program Size: Code=3692 RO-data=336 RW-data=40 ZI-data=1632  
FromELF: creating hex file...
".\output\small_system.axf" - 0 Errors, 0 Warning(s).
Build target 'Small System'
compiling key_api.c...
linking...
Program Size: Code=3712 RO-data=336 RW-data=40 ZI-data=1632  
FromELF: creating hex file...
".\output\small_system.axf" - 0 Errors, 0 Warning(s).
Build target 'Small System'
compiling key_api.c...
linking...
Program Size: Code=3672 RO-data=336 RW-data=40 ZI-data=1632  
FromELF: creating hex file...
".\output\small_system.axf" - 0 Errors, 0 Warning(s).
Build target 'Small System'
compiling key_api.c...
linking...
Program Size: Code=3712 RO-data=336 RW-data=40 ZI-data=1632  
FromELF: creating hex file...
".\output\small_system.axf" - 0 Errors, 0 Warning(s).
Build target 'Small System'
compiling system_main.c...
compiling key_api.c...
linking...
Program Size: Code=3672 RO-data=336 RW-data=40 ZI-data=1632  
FromELF: creating hex file...
".\output\small_system.axf" - 0 Errors, 0 Warning(s).
Build target 'Small System'
compiling key_api.c...
linking...
Program Size: Code=3672 RO-data=336 RW-data=40 ZI-data=1632  
FromELF: creating hex file...
".\output\small_system.axf" - 0 Errors, 0 Warning(s).
Build target 'Small System'
compiling system_main.c...
compiling key_api.c...
linking...
Program Size: Code=2968 RO-data=336 RW-data=40 ZI-data=1632  
FromELF: creating hex file...
".\output\small_system.axf" - 0 Errors, 0 Warning(s).
Build target 'Small System'
compiling system_main.c...
hal\system_main.c(10): error:  #140: too many arguments in function call
".\output\small_system.axf" - 1 Errors, 0 Warning(s).
Target not created
Build target 'Small System'
compiling system_main.c...
linking...
Program Size: Code=2968 RO-data=336 RW-data=40 ZI-data=1632  
FromELF: creating hex file...
".\output\small_system.axf" - 0 Errors, 0 Warning(s).
Build target 'Small System'
linking...
Program Size: Code=2968 RO-data=336 RW-data=40 ZI-data=1632  
FromELF: creating hex file...
".\output\small_system.axf" - 0 Errors, 0 Warning(s).
Build target 'Small System'
compiling sram_api.c...
linking...
Program Size: Code=2968 RO-data=336 RW-data=40 ZI-data=1632  
FromELF: creating hex file...
".\output\small_system.axf" - 0 Errors, 0 Warning(s).
Build target 'Small System'
compiling sram_api.c...
linking...
Program Size: Code=2968 RO-data=336 RW-data=40 ZI-data=1632  
FromELF: creating hex file...
".\output\small_system.axf" - 0 Errors, 0 Warning(s).
Build target 'Small System'
compiling system_main.c...
compiling sram_api.c...
compiling flash_inside_api.c...
compiling flash_outside_api.c...
linking...
Program Size: Code=4680 RO-data=336 RW-data=40 ZI-data=1632  
FromELF: creating hex file...
".\output\small_system.axf" - 0 Errors, 0 Warning(s).
Build target 'Small System'
compiling system_main.c...
compiling flash_inside_api.c...
compiling flash_outside_api.c...
linking...
Program Size: Code=4816 RO-data=336 RW-data=40 ZI-data=1632  
FromELF: creating hex file...
".\output\small_system.axf" - 0 Errors, 0 Warning(s).
Build target 'Small System'
compiling system_main.c...
linking...
Program Size: Code=4816 RO-data=336 RW-data=40 ZI-data=1632  
FromELF: creating hex file...
".\output\small_system.axf" - 0 Errors, 0 Warning(s).
Build target 'Small System'
compiling system_main.c...
hal\system_main.c(20): error:  #29: expected an expression
".\output\small_system.axf" - 1 Errors, 0 Warning(s).
Target not created
Build target 'Small System'
compiling system_main.c...
linking...
Program Size: Code=4684 RO-data=336 RW-data=40 ZI-data=1632  
FromELF: creating hex file...
".\output\small_system.axf" - 0 Errors, 0 Warning(s).
Build target 'Small System'
compiling system_main.c...
linking...
Program Size: Code=4684 RO-data=336 RW-data=40 ZI-data=1632  
FromELF: creating hex file...
".\output\small_system.axf" - 0 Errors, 0 Warning(s).
Build target 'Small System'
compiling system_main.c...
linking...
Program Size: Code=4680 RO-data=336 RW-data=40 ZI-data=1632  
FromELF: creating hex file...
".\output\small_system.axf" - 0 Errors, 0 Warning(s).
Build target 'Small System'
compiling system_main.c...
linking...
Program Size: Code=4808 RO-data=336 RW-data=40 ZI-data=1632  
FromELF: creating hex file...
".\output\small_system.axf" - 0 Errors, 0 Warning(s).
Build target 'Small System'
compiling system_main.c...
linking...
Program Size: Code=4812 RO-data=336 RW-data=40 ZI-data=1632  
FromELF: creating hex file...
".\output\small_system.axf" - 0 Errors, 0 Warning(s).
Build target 'Small System'
compiling system_main.c...
linking...
Program Size: Code=4808 RO-data=336 RW-data=40 ZI-data=1632  
FromELF: creating hex file...
".\output\small_system.axf" - 0 Errors, 0 Warning(s).
Build target 'Small System'
compiling flash_inside_api.c...
linking...
Program Size: Code=4812 RO-data=336 RW-data=40 ZI-data=1632  
FromELF: creating hex file...
".\output\small_system.axf" - 0 Errors, 0 Warning(s).
Build target 'Small System'
compiling system_main.c...
linking...
Program Size: Code=4820 RO-data=336 RW-data=40 ZI-data=1632  
FromELF: creating hex file...
".\output\small_system.axf" - 0 Errors, 0 Warning(s).
Build target 'Small System'
compiling system_main.c...
hal\system_main.c(21): error:  #29: expected an expression
".\output\small_system.axf" - 1 Errors, 0 Warning(s).
Target not created
Build target 'Small System'
compiling system_main.c...
linking...
Program Size: Code=4704 RO-data=344 RW-data=40 ZI-data=1632  
FromELF: creating hex file...
".\output\small_system.axf" - 0 Errors, 0 Warning(s).
Build target 'Small System'
compiling flash_inside_api.c...
linking...
Program Size: Code=4704 RO-data=344 RW-data=40 ZI-data=1632  
FromELF: creating hex file...
".\output\small_system.axf" - 0 Errors, 0 Warning(s).
Build target 'Small System'
compiling system_main.c...
linking...
Program Size: Code=4704 RO-data=344 RW-data=40 ZI-data=1632  
FromELF: creating hex file...
".\output\small_system.axf" - 0 Errors, 0 Warning(s).
Build target 'Small System'
compiling flash_inside_api.c...
linking...
Program Size: Code=4720 RO-data=344 RW-data=40 ZI-data=1632  
FromELF: creating hex file...
".\output\small_system.axf" - 0 Errors, 0 Warning(s).
Build target 'Small System'
compiling system_main.c...
linking...
Program Size: Code=4728 RO-data=344 RW-data=40 ZI-data=1632  
FromELF: creating hex file...
".\output\small_system.axf" - 0 Errors, 0 Warning(s).
Build target 'Small System'
compiling system_main.c...
hal\system_main.c(19): error:  #167: argument of type "int" is incompatible with parameter of type "void *"
hal\system_main.c(21): error:  #167: argument of type "int" is incompatible with parameter of type "void *"
compiling flash_inside_api.c...
".\output\small_system.axf" - 2 Errors, 0 Warning(s).
Target not created
Build target 'Small System'
compiling system_main.c...
hal\system_main.c(19): error:  #167: argument of type "long" is incompatible with parameter of type "void *"
hal\system_main.c(21): error:  #167: argument of type "long" is incompatible with parameter of type "void *"
".\output\small_system.axf" - 2 Errors, 0 Warning(s).
Target not created
Build target 'Small System'
compiling system_main.c...
linking...
Program Size: Code=4720 RO-data=344 RW-data=40 ZI-data=1632  
FromELF: creating hex file...
".\output\small_system.axf" - 0 Errors, 0 Warning(s).
Build target 'Small System'
compiling system_main.c...
linking...
Program Size: Code=4692 RO-data=344 RW-data=40 ZI-data=1632  
FromELF: creating hex file...
".\output\small_system.axf" - 0 Errors, 0 Warning(s).
Build target 'Small System'
compiling system_main.c...
linking...
Program Size: Code=4720 RO-data=344 RW-data=40 ZI-data=1632  
FromELF: creating hex file...
".\output\small_system.axf" - 0 Errors, 0 Warning(s).
Build target 'Small System'
compiling system_main.c...
hal\system_main.c(19): error:  #852: expression must be a pointer to a complete object type
hal\system_main.c(21): error:  #852: expression must be a pointer to a complete object type
".\output\small_system.axf" - 2 Errors, 0 Warning(s).
Target not created
Build target 'Small System'
compiling system_main.c...
compiling flash_inside_api.c...
hal\flash_inside_api.c(22): error:  #852: expression must be a pointer to a complete object type
".\output\small_system.axf" - 1 Errors, 0 Warning(s).
Target not created
Build target 'Small System'
compiling flash_inside_api.c...
linking...
Program Size: Code=4808 RO-data=344 RW-data=40 ZI-data=1632  
FromELF: creating hex file...
".\output\small_system.axf" - 0 Errors, 0 Warning(s).
Build target 'Small System'
compiling system_main.c...
linking...
Program Size: Code=4784 RO-data=344 RW-data=40 ZI-data=1632  
FromELF: creating hex file...
".\output\small_system.axf" - 0 Errors, 0 Warning(s).
Build target 'Small System'
compiling system_main.c...
linking...
Program Size: Code=4808 RO-data=344 RW-data=40 ZI-data=1632  
FromELF: creating hex file...
".\output\small_system.axf" - 0 Errors, 0 Warning(s).
Build target 'Small System'
compiling system_main.c...
linking...
Program Size: Code=4808 RO-data=344 RW-data=40 ZI-data=1632  
FromELF: creating hex file...
".\output\small_system.axf" - 0 Errors, 0 Warning(s).
Build target 'Small System'
compiling system_main.c...
linking...
Program Size: Code=4808 RO-data=344 RW-data=40 ZI-data=1632  
FromELF: creating hex file...
".\output\small_system.axf" - 0 Errors, 0 Warning(s).
Build target 'Small System'
compiling system_main.c...
linking...
Program Size: Code=4808 RO-data=344 RW-data=40 ZI-data=1632  
FromELF: creating hex file...
".\output\small_system.axf" - 0 Errors, 0 Warning(s).
Build target 'Small System'
compiling system_main.c...
linking...
Program Size: Code=4800 RO-data=344 RW-data=40 ZI-data=1632  
FromELF: creating hex file...
".\output\small_system.axf" - 0 Errors, 0 Warning(s).
Build target 'Small System'
compiling system_main.c...
linking...
Program Size: Code=4800 RO-data=344 RW-data=40 ZI-data=1632  
FromELF: creating hex file...
".\output\small_system.axf" - 0 Errors, 0 Warning(s).
Build target 'Small System'
compiling system_main.c...
linking...
Program Size: Code=4800 RO-data=344 RW-data=40 ZI-data=1632  
FromELF: creating hex file...
".\output\small_system.axf" - 0 Errors, 0 Warning(s).
Build target 'Small System'
compiling system_main.c...
linking...
Program Size: Code=4800 RO-data=344 RW-data=40 ZI-data=1632  
FromELF: creating hex file...
".\output\small_system.axf" - 0 Errors, 0 Warning(s).
Build target 'Small System'
compiling system_main.c...
linking...
Program Size: Code=4808 RO-data=344 RW-data=40 ZI-data=1632  
FromELF: creating hex file...
".\output\small_system.axf" - 0 Errors, 0 Warning(s).
Build target 'Small System'
compiling system_main.c...
linking...
Program Size: Code=4788 RO-data=344 RW-data=40 ZI-data=1632  
FromELF: creating hex file...
".\output\small_system.axf" - 0 Errors, 0 Warning(s).
Build target 'Small System'
compiling system_main.c...
linking...
Program Size: Code=4812 RO-data=344 RW-data=40 ZI-data=1632  
FromELF: creating hex file...
".\output\small_system.axf" - 0 Errors, 0 Warning(s).
Build target 'Small System'
compiling system_main.c...
compiling flash_inside_api.c...
linking...
Program Size: Code=4812 RO-data=344 RW-data=40 ZI-data=1632  
FromELF: creating hex file...
".\output\small_system.axf" - 0 Errors, 0 Warning(s).
Build target 'Small System'
compiling system_main.c...
compiling flash_inside_api.c...
linking...
Program Size: Code=4740 RO-data=344 RW-data=40 ZI-data=1632  
FromELF: creating hex file...
".\output\small_system.axf" - 0 Errors, 0 Warning(s).
Build target 'Small System'
compiling system_main.c...
hal\system_main.c(20): warning:  #223-D: function "flash_inside_erase" declared implicitly
linking...
.\output\small_system.axf: Error: L6218E: Undefined symbol flash_inside_erase (referred from system_main.o).
".\output\small_system.axf" - 1 Errors, 1 Warning(s).
Target not created
Build target 'Small System'
compiling system_main.c...
linking...
Program Size: Code=4744 RO-data=344 RW-data=40 ZI-data=1632  
FromELF: creating hex file...
".\output\small_system.axf" - 0 Errors, 0 Warning(s).
Build target 'Small System'
compiling system_main.c...
linking...
Program Size: Code=4744 RO-data=344 RW-data=40 ZI-data=1632  
FromELF: creating hex file...
".\output\small_system.axf" - 0 Errors, 0 Warning(s).
Build target 'Small System'
compiling system_main.c...
linking...
Program Size: Code=4744 RO-data=344 RW-data=40 ZI-data=1632  
FromELF: creating hex file...
".\output\small_system.axf" - 0 Errors, 0 Warning(s).
Build target 'Small System'
compiling system_main.c...
linking...
Program Size: Code=4740 RO-data=344 RW-data=40 ZI-data=1632  
FromELF: creating hex file...
".\output\small_system.axf" - 0 Errors, 0 Warning(s).
Build target 'Small System'
compiling system_main.c...
linking...
Program Size: Code=4740 RO-data=344 RW-data=40 ZI-data=1632  
FromELF: creating hex file...
".\output\small_system.axf" - 0 Errors, 0 Warning(s).
Build target 'Small System'
compiling system_main.c...
linking...
Program Size: Code=4740 RO-data=344 RW-data=40 ZI-data=1632  
FromELF: creating hex file...
".\output\small_system.axf" - 0 Errors, 0 Warning(s).
Build target 'Small System'
compiling system_main.c...
compiling flash_inside_api.c...
linking...
Program Size: Code=4780 RO-data=344 RW-data=40 ZI-data=1632  
FromELF: creating hex file...
".\output\small_system.axf" - 0 Errors, 0 Warning(s).
Build target 'Small System'
compiling system_main.c...
linking...
Program Size: Code=4776 RO-data=344 RW-data=40 ZI-data=1632  
FromELF: creating hex file...
".\output\small_system.axf" - 0 Errors, 0 Warning(s).
Build target 'Small System'
compiling system_main.c...
linking...
Program Size: Code=4780 RO-data=344 RW-data=40 ZI-data=1632  
FromELF: creating hex file...
".\output\small_system.axf" - 0 Errors, 0 Warning(s).
Build target 'Small System'
compiling system_main.c...
linking...
Program Size: Code=4776 RO-data=344 RW-data=40 ZI-data=1632  
FromELF: creating hex file...
".\output\small_system.axf" - 0 Errors, 0 Warning(s).
Build target 'Small System'
compiling system_main.c...
compiling flash_inside_api.c...
linking...
Program Size: Code=5044 RO-data=336 RW-data=40 ZI-data=1632  
FromELF: creating hex file...
".\output\small_system.axf" - 0 Errors, 0 Warning(s).
Build target 'Small System'
compiling system_main.c...
linking...
Program Size: Code=5044 RO-data=336 RW-data=40 ZI-data=1632  
FromELF: creating hex file...
".\output\small_system.axf" - 0 Errors, 0 Warning(s).
Build target 'Small System'
compiling system_main.c...
linking...
Program Size: Code=5044 RO-data=336 RW-data=40 ZI-data=1632  
FromELF: creating hex file...
".\output\small_system.axf" - 0 Errors, 0 Warning(s).
Build target 'Small System'
compiling system_main.c...
linking...
Program Size: Code=5044 RO-data=336 RW-data=40 ZI-data=1632  
FromELF: creating hex file...
".\output\small_system.axf" - 0 Errors, 0 Warning(s).
Build target 'Small System'
compiling system_main.c...
linking...
Program Size: Code=5040 RO-data=336 RW-data=40 ZI-data=1632  
FromELF: creating hex file...
".\output\small_system.axf" - 0 Errors, 0 Warning(s).
Build target 'Small System'
compiling system_main.c...
linking...
Program Size: Code=5048 RO-data=336 RW-data=40 ZI-data=1632  
FromELF: creating hex file...
".\output\small_system.axf" - 0 Errors, 0 Warning(s).
Build target 'Small System'
compiling system_main.c...
linking...
Program Size: Code=5048 RO-data=336 RW-data=40 ZI-data=1632  
FromELF: creating hex file...
".\output\small_system.axf" - 0 Errors, 0 Warning(s).
Build target 'Small System'
compiling system_main.c...
linking...
Program Size: Code=5036 RO-data=336 RW-data=40 ZI-data=1632  
FromELF: creating hex file...
".\output\small_system.axf" - 0 Errors, 0 Warning(s).
Rebuild target 'Small System'
compiling core_cm3.c...
assembling startup_stm32f10x_hd.s...
compiling misc.c...
compiling stm32f10x_exti.c...
compiling stm32f10x_flash.c...
compiling stm32f10x_fsmc.c...
compiling stm32f10x_gpio.c...
compiling stm32f10x_rcc.c...
compiling stm32f10x_spi.c...
compiling stm32f10x_it.c...
compiling system_stm32f10x.c...
compiling system_main.c...
compiling key_api.c...
compiling led_api.c...
compiling sram_api.c...
compiling flash_inside_api.c...
compiling flash_outside_api.c...
linking...
Program Size: Code=5036 RO-data=336 RW-data=40 ZI-data=1632  
FromELF: creating hex file...
".\output\small_system.axf" - 0 Errors, 0 Warning(s).
Build target 'Small System'
compiling system_main.c...
linking...
Program Size: Code=5016 RO-data=336 RW-data=40 ZI-data=1632  
FromELF: creating hex file...
".\output\small_system.axf" - 0 Errors, 0 Warning(s).
Build target 'Small System'
compiling system_main.c...
linking...
Program Size: Code=5040 RO-data=336 RW-data=40 ZI-data=1632  
FromELF: creating hex file...
".\output\small_system.axf" - 0 Errors, 0 Warning(s).
Build target 'Small System'
linking...
Program Size: Code=5040 RO-data=336 RW-data=40 ZI-data=1632  
FromELF: creating hex file...
".\output\small_system.axf" - 0 Errors, 0 Warning(s).
Build target 'Small System'
compiling system_main.c...
linking...
Program Size: Code=5048 RO-data=336 RW-data=40 ZI-data=1632  
FromELF: creating hex file...
".\output\small_system.axf" - 0 Errors, 0 Warning(s).
Build target 'Small System'
compiling system_main.c...
compiling flash_inside_api.c...
linking...
Program Size: Code=5044 RO-data=336 RW-data=40 ZI-data=1632  
FromELF: creating hex file...
".\output\small_system.axf" - 0 Errors, 0 Warning(s).
Build target 'Small System'
compiling system_main.c...
linking...
Program Size: Code=5036 RO-data=336 RW-data=40 ZI-data=1632  
FromELF: creating hex file...
".\output\small_system.axf" - 0 Errors, 0 Warning(s).
Build target 'Small System'
compiling system_main.c...
linking...
Program Size: Code=5036 RO-data=336 RW-data=40 ZI-data=1632  
FromELF: creating hex file...
".\output\small_system.axf" - 0 Errors, 0 Warning(s).
Build target 'Small System'
compiling system_main.c...
linking...
Program Size: Code=5036 RO-data=336 RW-data=40 ZI-data=1632  
FromELF: creating hex file...
".\output\small_system.axf" - 0 Errors, 0 Warning(s).
Build target 'Small System'
compiling system_main.c...
linking...
Program Size: Code=5036 RO-data=336 RW-data=40 ZI-data=1632  
FromELF: creating hex file...
".\output\small_system.axf" - 0 Errors, 0 Warning(s).
Build target 'Small System'
compiling system_main.c...
linking...
Program Size: Code=5028 RO-data=336 RW-data=40 ZI-data=1632  
FromELF: creating hex file...
".\output\small_system.axf" - 0 Errors, 0 Warning(s).
Build target 'Small System'
compiling system_main.c...
linking...
Program Size: Code=5036 RO-data=336 RW-data=40 ZI-data=1632  
FromELF: creating hex file...
".\output\small_system.axf" - 0 Errors, 0 Warning(s).
Build target 'Small System'
compiling system_main.c...
linking...
Program Size: Code=5036 RO-data=336 RW-data=40 ZI-data=1632  
FromELF: creating hex file...
".\output\small_system.axf" - 0 Errors, 0 Warning(s).
Build target 'Small System'
compiling system_main.c...
linking...
Program Size: Code=5036 RO-data=336 RW-data=40 ZI-data=1632  
FromELF: creating hex file...
".\output\small_system.axf" - 0 Errors, 0 Warning(s).
Build target 'Small System'
compiling system_main.c...
linking...
Program Size: Code=5036 RO-data=336 RW-data=40 ZI-data=1632  
FromELF: creating hex file...
".\output\small_system.axf" - 0 Errors, 0 Warning(s).
Build target 'Small System'
compiling system_main.c...
linking...
Program Size: Code=5044 RO-data=336 RW-data=40 ZI-data=1632  
FromELF: creating hex file...
".\output\small_system.axf" - 0 Errors, 0 Warning(s).
Build target 'Small System'
compiling system_main.c...
linking...
Program Size: Code=5036 RO-data=336 RW-data=40 ZI-data=1632  
FromELF: creating hex file...
".\output\small_system.axf" - 0 Errors, 0 Warning(s).
Build target 'Small System'
compiling flash_inside_api.c...
linking...
Program Size: Code=5032 RO-data=336 RW-data=40 ZI-data=1632  
FromELF: creating hex file...
".\output\small_system.axf" - 0 Errors, 0 Warning(s).
Build target 'Small System'
compiling system_main.c...
linking...
Program Size: Code=5040 RO-data=336 RW-data=40 ZI-data=1632  
FromELF: creating hex file...
".\output\small_system.axf" - 0 Errors, 0 Warning(s).
Build target 'Small System'
compiling flash_inside_api.c...
linking...
Program Size: Code=5040 RO-data=336 RW-data=40 ZI-data=1632  
FromELF: creating hex file...
".\output\small_system.axf" - 0 Errors, 0 Warning(s).
Build target 'Small System'
compiling flash_inside_api.c...
linking...
Program Size: Code=5028 RO-data=336 RW-data=40 ZI-data=1632  
FromELF: creating hex file...
".\output\small_system.axf" - 0 Errors, 0 Warning(s).
Build target 'Small System'
compiling system_main.c...
compiling flash_inside_api.c...
linking...
Program Size: Code=5040 RO-data=336 RW-data=40 ZI-data=1632  
FromELF: creating hex file...
".\output\small_system.axf" - 0 Errors, 0 Warning(s).
Build target 'Small System'
compiling system_main.c...
linking...
Program Size: Code=5032 RO-data=336 RW-data=40 ZI-data=1632  
FromELF: creating hex file...
".\output\small_system.axf" - 0 Errors, 0 Warning(s).
Build target 'Small System'
compiling system_main.c...
linking...
Program Size: Code=5032 RO-data=336 RW-data=40 ZI-data=1632  
FromELF: creating hex file...
".\output\small_system.axf" - 0 Errors, 0 Warning(s).
Build target 'Small System'
compiling system_main.c...
linking...
Program Size: Code=5032 RO-data=336 RW-data=40 ZI-data=1632  
FromELF: creating hex file...
".\output\small_system.axf" - 0 Errors, 0 Warning(s).
Build target 'Small System'
compiling system_main.c...
linking...
Program Size: Code=5040 RO-data=336 RW-data=40 ZI-data=1632  
FromELF: creating hex file...
".\output\small_system.axf" - 0 Errors, 0 Warning(s).
Build target 'Small System'
compiling flash_inside_api.c...
linking...
Program Size: Code=5040 RO-data=336 RW-data=40 ZI-data=1632  
FromELF: creating hex file...
".\output\small_system.axf" - 0 Errors, 0 Warning(s).
Build target 'Small System'
compiling flash_inside_api.c...
linking...
Program Size: Code=5528 RO-data=336 RW-data=40 ZI-data=1632  
FromELF: creating hex file...
".\output\small_system.axf" - 0 Errors, 0 Warning(s).
